jenny@jenny-G50VT ~/docu/572/b $ a
Population Information: 
min:198.1
avg:4080.46
avgSize:5.67
2000 	 108.002 	 108.434 	 1234.32
4000 	 106.146 	 107.049 	 406.04
6000 	 105.838 	 106.19 	 952.82
8000 	 91.8934 	 94.0066 	 361.84
10000 	 90.9123 	 91.1967 	 644.44
12000 	 90.9123 	 93.1579 	 638.36
14000 	 90.8804 	 91.0982 	 655.8
16000 	 90.749 	 93.5843 	 761.94
18000 	 90.749 	 91.9257 	 887.34
20000 	 90.7487 	 91.0593 	 2399.24
22000 	 90.7481 	 90.784 	 1581.1
24000 	 90.748 	 93.2836 	 1058.4
26000 	 89.2574 	 90.7954 	 1534.7
28000 	 88.938 	 91.8604 	 1233.5
30000 	 88.938 	 91.637 	 1317.76
32000 	 77.838 	 81.7995 	 1247.44
34000 	 71.9117 	 74.4453 	 992.54
36000 	 67.7768 	 67.9857 	 1816.06
terminate called after throwing an instance of 'std::bad_alloc'
  what():  std::bad_alloc
Aborted

jenny@jenny-G50VT ~/docu/572/b $ a
Population Information: 
min:198.3
avg:249698
avgSize:5.44
2000 	 109.987 	 111.302 	 1378.04
4000 	 103.864 	 105.743 	 710.26
6000 	 100.093 	 102.229 	 266.24
8000 	 90.0738 	 94.6316 	 354.64
10000 	 72.5921 	 73.2819 	 433.14
12000 	 68.7157 	 70.7962 	 246.14
14000 	 68.6473 	 73.4254 	 375.92
16000 	 67.2797 	 72.0316 	 425.2
18000 	 67.2797 	 75.889 	 443.14
20000 	 67.2797 	 70.1766 	 462.72
22000 	 67.2797 	 70.3236 	 479
24000 	 67.2797 	 70.9822 	 487.08
26000 	 67.2797 	 69.9584 	 494.1
28000 	 66.5173 	 70.8503 	 507.26
30000 	 66.2344 	 68.5713 	 543.68
32000 	 65.7951 	 68.089 	 1037.4
34000 	 65.7951 	 69.4017 	 1408.88
36000 	 65.7739 	 66.7339 	 3820.58
terminate called after throwing an instance of 'std::bad_alloc'
  what():  std::bad_alloc
Aborted
jenny@jenny-G50VT ~/docu/572/b $ 

jenny@jenny-G50VT ~/docu/572/b $ a
Population Information: 
min:197.898
avg:16921.2
avgSize:6.15
2000 	 105.78 	 115.414 	 124.32
4000 	 100.939 	 109.115 	 164.72
6000 	 77.9688 	 96.7974 	 284.94
8000 	 68.6977 	 75.0522 	 461.16
10000 	 68.0845 	 69.9979 	 953.56
12000 	 67.8416 	 71.3798 	 965.12
14000 	 67.5731 	 73.5518 	 817.24
16000 	 67.1094 	 69.6817 	 1086.94
18000 	 66.9957 	 71.6123 	 1089.08
20000 	 66.995 	 68.4604 	 1321.12
22000 	 66.9842 	 75.8478 	 1818.82
24000 	 66.9361 	 70.5682 	 1706.06
26000 	 66.8883 	 70.2851 	 1149.34
28000 	 66.8883 	 69.9331 	 1348.02
30000 	 66.8883 	 68.2658 	 1457.22
32000 	 66.8854 	 71.4209 	 1750.96
34000 	 66.8854 	 67.8083 	 1913.3
36000 	 66.8854 	 68.539 	 1920.5
terminate called after throwing an instance of 'std::bad_alloc'
  what():  std::bad_alloc
Aborted
jenny@jenny-G50VT ~/docu/572/b $ 

jenny@jenny-G50VT ~/docu/572/b $ a
Population Information: 
min:197.962
avg:1.67013e+07
avgSize:8.63
2000 	 109.636 	 109.985 	 682.08
4000 	 99.4787 	 100.526 	 291.92
6000 	 99.2788 	 102.672 	 424.76
8000 	 99.2766 	 100.501 	 377.64
10000 	 99.2766 	 100.351 	 474.36
12000 	 81.675 	 85.9283 	 560.14
14000 	 76.7886 	 81.8248 	 627.1
16000 	 76.6477 	 84.2064 	 851.4
18000 	 75.2871 	 77.5647 	 1084.44
20000 	 60.0103 	 65.4244 	 883.2
22000 	 58.1961 	 66.5143 	 743.82
24000 	 57.2829 	 62.8672 	 680.64
26000 	 57.1694 	 62.0317 	 710.36
28000 	 57.111 	 59.9797 	 703.38
30000 	 57.055 	 59.187 	 772.02
32000 	 56.6628 	 59.655 	 984.2
34000 	 56.2191 	 58.7979 	 1214.92
36000 	 55.6753 	 58.8925 	 1425.64
38000 	 55.658 	 67.3891 	 1777.2
40000 	 55.6366 	 59.5897 	 2108.4
terminate called after throwing an instance of 'std::bad_alloc'
  what():  std::bad_alloc
Aborted


150000 	 103.837 	 105.33 	 33
152000 	 103.837 	 103.889 	 33
154000 	 103.837 	 106.1 	 33
156000 	 103.837 	 105.939 	 33
158000 	 103.837 	 105.379 	 33
160000 	 103.837 	 106.452 	 33
162000 	 103.837 	 105.598 	 33
164000 	 103.837 	 105.702 	 33
166000 	 103.837 	 107.513 	 33
168000 	 103.837 	 106.549 	 33
170000 	 103.837 	 104.417 	 33
172000 	 103.837 	 108.055 	 33
174000 	 103.837 	 106.147 	 33
176000 	 103.837 	 105.308 	 33
178000 	 103.837 	 105.93 	 33
180000 	 103.837 	 105.301 	 33
182000 	 103.837 	 106.1 	 33
184000 	 103.837 	 106.249 	 33
186000 	 103.837 	 106.176 	 33
188000 	 103.837 	 107.397 	 33
190000 	 103.837 	 105.548 	 33
192000 	 103.837 	 106.104 	 33
194000 	 103.837 	 111.766 	 33
196000 	 103.837 	 104.683 	 33
198000 	 103.837 	 105.666 	 33
200000 	 103.837 	 106.146 	 33
202000 	 103.837 	 105.886 	 33
204000 	 103.837 	 105.464 	 33
206000 	 103.837 	 106.65 	 33
208000 	 103.837 	 118.796 	 33
210000 	 103.837 	 131.961 	 33
212000 	 103.837 	 105.414 	 33
214000 	 103.837 	 107.379 	 33
216000 	 103.837 	 106.745 	 33
218000 	 103.837 	 106.745 	 33
220000 	 103.837 	 104.065 	 33
222000 	 103.837 	 107.197 	 33
224000 	 103.837 	 106.682 	 33
226000 	 96.1488 	 103.24 	 41.6
228000 	 92.001 	 99.1767 	 43.2
230000 	 85.0678 	 86.3977 	 42.8
232000 	 83.8659 	 86.009 	 43
234000 	 83.7102 	 87.3232 	 43
236000 	 83.7021 	 86.4104 	 43
238000 	 82.0252 	 84.5867 	 43
240000 	 81.8633 	 86.6658 	 43
242000 	 81.7185 	 85.4033 	 43
244000 	 81.7024 	 95.4877 	 43
246000 	 80.3407 	 86.7138 	 43
248000 	 80.3243 	 82.0589 	 43
250000 	 80.3243 	 100.448 	 43
252000 	 80.3243 	 83.6329 	 43
254000 	 80.3243 	 82.8309 	 43
256000 	 80.3243 	 82.1498 	 43
258000 	 80.3243 	 81.807 	 43
260000 	 80.3243 	 84.3199 	 43
262000 	 80.3243 	 84.1543 	 43
264000 	 80.3243 	 105.052 	 43
266000 	 80.3023 	 82.6078 	 43
268000 	 80.3023 	 83.0816 	 43
270000 	 80.3022 	 82.9782 	 43
272000 	 80.1814 	 85.0031 	 39.7
274000 	 80.1814 	 83.1717 	 33
276000 	 80.1814 	 82.9603 	 33
278000 	 80.1814 	 83.5937 	 33
280000 	 80.1814 	 85.3811 	 33
282000 	 80.0684 	 85.8246 	 33
284000 	 80.0058 	 85.1884 	 33
286000 	 80.0058 	 83.8117 	 33
288000 	 80.0058 	 83.5549 	 33
290000 	 80.0058 	 84.7396 	 33
292000 	 80.0058 	 83.7523 	 33
294000 	 79.9727 	 83.5249 	 33
296000 	 79.9727 	 83.7987 	 33
298000 	 79.9707 	 83.8317 	 33
300000 	 79.9707 	 82.9479 	 33
302000 	 79.9707 	 82.1835 	 33
304000 	 79.9707 	 83.4696 	 33
306000 	 79.9707 	 83.6509 	 33
308000 	 79.9707 	 84.5673 	 33
310000 	 79.9707 	 83.1726 	 33
312000 	 79.9707 	 82.8125 	 33
314000 	 79.9707 	 81.5226 	 33
316000 	 79.9707 	 81.6511 	 33
318000 	 79.9707 	 84.1073 	 33
320000 	 79.9707 	 83.1118 	 33
322000 	 79.7904 	 83.054 	 33
324000 	 79.7904 	 82.3901 	 33
326000 	 79.7904 	 85.0926 	 33
328000 	 79.7904 	 83.7405 	 33
330000 	 79.7904 	 82.6336 	 33
332000 	 79.7904 	 82.3715 	 33
334000 	 79.7904 	 81.3258 	 33
336000 	 79.7904 	 86.2526 	 33
338000 	 79.7904 	 82.4318 	 33
340000 	 79.7904 	 82.1717 	 33
342000 	 79.2681 	 81.5739 	 33
344000 	 79.2681 	 81.8697 	 33
346000 	 79.2681 	 83.38 	 33
348000 	 79.2681 	 81.7484 	 33
350000 	 78.8824 	 82.8395 	 33
352000 	 75.008 	 76.8247 	 33
354000 	 75.008 	 75.8633 	 33
356000 	 74.7603 	 79.0795 	 33
358000 	 74.7603 	 90.4942 	 33
360000 	 74.7603 	 77.9476 	 33
362000 	 74.7603 	 78.5104 	 33
364000 	 74.7603 	 76.3723 	 33
366000 	 74.7603 	 78.3317 	 33
368000 	 74.7603 	 77.8784 	 33
370000 	 74.7603 	 77.6948 	 33
372000 	 74.7603 	 79.6399 	 33
374000 	 74.7603 	 77.4102 	 33
376000 	 74.7603 	 77.7682 	 33
378000 	 74.7603 	 76.9367 	 33
380000 	 74.7603 	 80.3377 	 33
382000 	 74.7603 	 76.1173 	 33
384000 	 74.7603 	 82.7408 	 33
386000 	 74.7603 	 78.2659 	 33
388000 	 74.7603 	 74.7603 	 33
390000 	 74.7603 	 80.0197 	 33
392000 	 74.7603 	 78.973 	 33
394000 	 74.7603 	 78.0832 	 33
396000 	 74.7603 	 78.2885 	 33
398000 	 74.7603 	 77.3534 	 33
400000 	 74.7603 	 76.9741 	 33
402000 	 74.7603 	 77.2222 	 33
404000 	 74.7603 	 77.2856 	 33
406000 	 74.7603 	 79.8096 	 33
408000 	 74.7603 	 79.7133 	 33
410000 	 74.7603 	 77.8754 	 33
412000 	 74.7603 	 77.5864 	 33
414000 	 74.7603 	 75.3863 	 33
416000 	 74.7603 	 76.1173 	 33
418000 	 74.1235 	 75.4045 	 33
420000 	 74.1235 	 78.5322 	 33
422000 	 74.1216 	 77.0671 	 33
424000 	 74.1216 	 77.8902 	 33
426000 	 74.1216 	 75.1709 	 33
428000 	 74.1216 	 77.3594 	 33
430000 	 74.1216 	 77.5306 	 33
432000 	 74.1216 	 76.4808 	 33
434000 	 74.1216 	 78.4779 	 33
436000 	 74.1216 	 76.5029 	 33
438000 	 73.6592 	 80.2713 	 33
440000 	 73.6592 	 75.1676 	 33
442000 	 73.6592 	 76.7728 	 33
444000 	 73.6592 	 75.1495 	 33
446000 	 73.6592 	 75.4769 	 33
448000 	 73.2741 	 76.5997 	 33
450000 	 73.2741 	 77.4448 	 33
452000 	 73.2741 	 75.6527 	 33
454000 	 73.2741 	 76.5194 	 33
456000 	 73.0921 	 76.0513 	 33
458000 	 73.0921 	 75.693 	 33
460000 	 73.0921 	 78.9137 	 33
462000 	 73.0921 	 75.1308 	 33
464000 	 73.0921 	 75.6093 	 33
466000 	 73.0921 	 77.784 	 33
468000 	 73.0921 	 76.1572 	 33
470000 	 73.0921 	 76.5105 	 33
472000 	 73.0921 	 80.7316 	 33
474000 	 73.0921 	 77.9356 	 33
476000 	 73.0921 	 74.1635 	 33
478000 	 73.0921 	 76.6189 	 33
480000 	 73.0212 	 75.6391 	 33
482000 	 73.0212 	 74.589 	 33
484000 	 73.0212 	 73.0211 	 33
486000 	 73.0212 	 76.9527 	 33
488000 	 73.0212 	 79.6563 	 33
490000 	 73.0212 	 74.5629 	 33
492000 	 73.0212 	 76.4436 	 33
494000 	 73.0212 	 76.7564 	 33
496000 	 73.0212 	 88.9383 	 33
498000 	 73.0212 	 76.0656 	 33
500000 	 73.0212 	 75.2455 	 33
502000 	 73.0212 	 76.4924 	 33
504000 	 73.0212 	 77.5033 	 33
506000 	 72.3722 	 76.3788 	 33
508000 	 72.3722 	 74.1135 	 33
510000 	 71.3183 	 72.53 	 33
512000 	 71.3183 	 75.3968 	 33
514000 	 71.2638 	 82.8004 	 33
516000 	 71.2638 	 74.4105 	 33
518000 	 71.2606 	 71.2766 	 33
520000 	 71.2606 	 79.7198 	 33
522000 	 71.2606 	 71.2606 	 33
524000 	 71.2606 	 73.465 	 33
526000 	 71.2606 	 74.2725 	 33
528000 	 71.2606 	 74.4834 	 33
530000 	 71.2606 	 75.8478 	 33
532000 	 71.2606 	 73.4697 	 33
534000 	 71.2606 	 74.926 	 33
536000 	 71.2606 	 75.7001 	 33
538000 	 71.2606 	 73.9007 	 33
540000 	 71.2606 	 73.5732 	 33
542000 	 71.257 	 73.5543 	 33
544000 	 71.2569 	 75.0912 	 33
546000 	 71.257 	 74.1543 	 33
548000 	 71.257 	 73.9328 	 33
550000 	 71.257 	 75.8184 	 33
552000 	 71.257 	 74.8807 	 33
554000 	 71.257 	 72.5146 	 33
556000 	 71.257 	 74.5419 	 33
558000 	 71.257 	 76.0042 	 33
560000 	 71.257 	 74.2432 	 33
562000 	 71.257 	 73.3588 	 33
564000 	 71.2191 	 72.7029 	 33
566000 	 71.2191 	 71.3995 	 33
568000 	 71.2191 	 72.8418 	 33
570000 	 71.2191 	 76.3168 	 33
572000 	 71.2191 	 76.2434 	 33
574000 	 71.2155 	 75.2488 	 33
576000 	 71.2027 	 76.2075 	 33
578000 	 71.2027 	 74.872 	 33
580000 	 71.2027 	 75.9898 	 33
582000 	 71.2027 	 72.6881 	 33
584000 	 71.2027 	 73.6714 	 33
586000 	 71.2027 	 73.829 	 33
588000 	 71.2027 	 75.3209 	 33
590000 	 71.2027 	 76.0796 	 33
592000 	 71.2027 	 73.589 	 33
594000 	 71.2026 	 74.9309 	 33
596000 	 71.2026 	 74.1813 	 33
598000 	 71.2026 	 71.2026 	 33
600000 	 71.2026 	 72.9715 	 33
602000 	 71.2026 	 72.9669 	 33
604000 	 71.2026 	 72.6723 	 33
606000 	 71.2026 	 75.2684 	 33
608000 	 71.2026 	 74.0472 	 33
610000 	 71.2026 	 83.5607 	 33
612000 	 71.2026 	 74.7137 	 33
614000 	 71.2026 	 75.7305 	 33
616000 	 71.2026 	 73.2192 	 33
618000 	 71.2026 	 74.9061 	 33
620000 	 71.0945 	 75.9301 	 33
622000 	 71.0945 	 72.8617 	 33
624000 	 71.0945 	 74.1031 	 33
626000 	 71.0945 	 73.8341 	 33
628000 	 71.0945 	 74.2416 	 33
630000 	 71.0945 	 75.2435 	 33
632000 	 71.0945 	 74.8 	 33
634000 	 71.0945 	 73.1023 	 33
636000 	 71.0945 	 74.4476 	 33
638000 	 71.0944 	 74.3413 	 33
640000 	 71.0944 	 74.3776 	 33
642000 	 71.0944 	 74.0598 	 33
644000 	 71.0944 	 73.1666 	 33
646000 	 71.0944 	 73.4188 	 33
648000 	 71.0944 	 76.7216 	 33
650000 	 71.0944 	 76.0806 	 33
652000 	 71.0944 	 74.9756 	 33
654000 	 71.0944 	 74.0521 	 33
656000 	 71.0944 	 73.3163 	 33
658000 	 71.0944 	 75.8535 	 33
660000 	 71.0944 	 74.7527 	 33
662000 	 71.0944 	 74.7779 	 33
664000 	 71.0944 	 73.6856 	 33
666000 	 71.0944 	 73.8401 	 33
668000 	 71.0944 	 71.6497 	 33
670000 	 71.0944 	 71.6302 	 33
672000 	 71.0944 	 74.4756 	 33
674000 	 71.0944 	 74.497 	 33
676000 	 71.0944 	 74.2994 	 33
678000 	 71.0944 	 74.5664 	 33
680000 	 71.0944 	 79.9934 	 33
682000 	 71.0944 	 73.2311 	 33
684000 	 71.0944 	 74.6167 	 33
686000 	 71.0944 	 77.8492 	 33
688000 	 71.0944 	 74.8938 	 33
690000 	 71.0944 	 72.5424 	 33
692000 	 71.0944 	 75.3171 	 33
694000 	 71.0944 	 74.4751 	 33
696000 	 71.0944 	 73.6031 	 33
698000 	 71.0944 	 74.2305 	 33
700000 	 71.0944 	 76.496 	 33
702000 	 71.0944 	 73.5154 	 33
704000 	 71.0944 	 73.6636 	 33
706000 	 71.0944 	 73.5857 	 33
708000 	 71.0944 	 82.9907 	 33
710000 	 71.0944 	 72.1682 	 33
712000 	 71.0944 	 73.7261 	 33
714000 	 71.0944 	 73.984 	 33
716000 	 71.0944 	 74.4144 	 33
718000 	 71.0944 	 75.8149 	 33
720000 	 71.0944 	 74.7914 	 33
722000 	 71.0944 	 73.4528 	 33
724000 	 71.0944 	 73.9106 	 33
726000 	 71.0944 	 73.9996 	 33
728000 	 71.0944 	 74.2376 	 33
730000 	 71.0944 	 73.5113 	 33
732000 	 71.0944 	 73.2197 	 33
734000 	 71.0944 	 74.7998 	 33
736000 	 71.0944 	 76.5763 	 33
738000 	 71.0944 	 74.4934 	 33
740000 	 71.0944 	 72.9639 	 33
742000 	 71.0944 	 73.431 	 33
744000 	 71.0944 	 72.8058 	 33
746000 	 71.0944 	 73.5362 	 33
748000 	 71.0944 	 73.477 	 33
750000 	 71.0944 	 74.6497 	 33
752000 	 71.0944 	 73.491 	 33
754000 	 71.0944 	 73.465 	 33
756000 	 71.0944 	 72.4381 	 33
758000 	 71.0944 	 74.2607 	 33
760000 	 71.0944 	 74.1979 	 33
762000 	 71.0944 	 80.224 	 33
764000 	 71.0944 	 73.7697 	 33
766000 	 71.0944 	 75.6888 	 33
768000 	 71.0944 	 72.8812 	 33
770000 	 71.0944 	 74.2416 	 33
772000 	 71.0944 	 74.0956 	 33
774000 	 71.0944 	 77.4787 	 33
776000 	 71.0944 	 72.6159 	 33
778000 	 71.0944 	 74.7371 	 33
780000 	 71.0944 	 76.2007 	 33
782000 	 71.0944 	 76.5456 	 33
784000 	 71.0944 	 71.8345 	 33
786000 	 71.0944 	 73.5113 	 33
788000 	 71.0944 	 73.2936 	 33
790000 	 71.0944 	 72.9517 	 33
792000 	 71.0944 	 75.3092 	 33
794000 	 71.0944 	 72.3715 	 33
796000 	 71.0944 	 74.0185 	 33
798000 	 71.0944 	 74.244 	 33
800000 	 71.0944 	 73.2512 	 33
802000 	 71.0944 	 73.0658 	 33
804000 	 71.0579 	 72.6346 	 33
806000 	 71.0579 	 75.1614 	 33
808000 	 71.0579 	 73.3326 	 33
810000 	 71.0579 	 74.9288 	 33
812000 	 71.0579 	 73.8887 	 33
814000 	 71.0579 	 72.8439 	 33
816000 	 71.0579 	 73.5668 	 33
818000 	 71.0579 	 90.3169 	 33
820000 	 71.0579 	 81.5137 	 33
822000 	 71.0579 	 75.1763 	 33
824000 	 71.0579 	 72.7743 	 33
826000 	 71.0579 	 75.0243 	 33
828000 	 71.0579 	 73.2809 	 33
830000 	 71.0579 	 73.3196 	 33
832000 	 71.0579 	 74.4152 	 33
834000 	 71.0579 	 75.4665 	 33
836000 	 71.0579 	 75.296 	 33
838000 	 71.0579 	 74.4612 	 33
840000 	 71.0579 	 75.9815 	 33
842000 	 71.0579 	 73.6029 	 33
844000 	 71.0579 	 74.1946 	 33
846000 	 71.0577 	 76.3506 	 33
848000 	 71.0579 	 72.231 	 33
850000 	 71.0579 	 76.5509 	 33
852000 	 71.0579 	 78.9416 	 33
854000 	 71.0579 	 74.8899 	 33
856000 	 71.0579 	 76.0609 	 33
858000 	 71.0579 	 71.9929 	 33
860000 	 71.0579 	 71.6497 	 33
862000 	 71.0579 	 77.1705 	 33
864000 	 71.0579 	 74.4954 	 33
866000 	 71.0579 	 76.0743 	 33
868000 	 71.0579 	 72.3933 	 33
870000 	 71.0579 	 73.5535 	 33
872000 	 71.0579 	 73.4752 	 33
874000 	 71.0579 	 74.2566 	 33
876000 	 71.0579 	 74.5929 	 33
878000 	 71.0579 	 76.4063 	 33
880000 	 71.0579 	 73.534 	 33
882000 	 71.0579 	 75.9606 	 33
884000 	 71.0579 	 74.1817 	 33
886000 	 71.0579 	 71.594 	 33
888000 	 71.0579 	 72.0988 	 33
890000 	 71.0579 	 74.5805 	 33
892000 	 71.0579 	 75.5797 	 33
894000 	 71.0579 	 71.8814 	 33
896000 	 71.0579 	 73.7973 	 33
898000 	 71.0579 	 71.904 	 33
900000 	 71.0579 	 75.2148 	 33
902000 	 71.0579 	 74.5625 	 33
904000 	 71.0579 	 74.2018 	 33
906000 	 71.0579 	 75.7163 	 33
908000 	 71.0579 	 72.1678 	 33
910000 	 71.0579 	 74.2556 	 33
912000 	 71.0579 	 74.8891 	 33
914000 	 71.0579 	 74.9236 	 33
916000 	 71.0579 	 75.9643 	 33
918000 	 71.0579 	 74.193 	 33
920000 	 71.0579 	 74.0612 	 33
922000 	 71.0579 	 76.1567 	 33
924000 	 71.0579 	 78.367 	 33
926000 	 71.0579 	 75.4925 	 33
928000 	 71.0579 	 75.5579 	 33
930000 	 71.0579 	 74.2018 	 33
932000 	 71.0579 	 75.6325 	 33
934000 	 71.0579 	 72.457 	 33
936000 	 71.0579 	 74.8929 	 33
938000 	 71.0579 	 75.2355 	 33
940000 	 71.0579 	 73.2515 	 33
942000 	 71.0579 	 74.0422 	 33
944000 	 71.0579 	 75.5472 	 33
946000 	 71.0579 	 75.0338 	 33
948000 	 71.0579 	 75.6847 	 33
950000 	 71.0579 	 72.1787 	 33
952000 	 71.0579 	 90.1617 	 33
954000 	 71.0579 	 74.3873 	 33
956000 	 71.0579 	 73.6335 	 33
958000 	 71.0579 	 76.2507 	 33
960000 	 71.0579 	 74.3032 	 33
962000 	 71.0579 	 75.137 	 33
964000 	 71.0579 	 74.6526 	 33
966000 	 71.0579 	 72.6842 	 33
968000 	 71.0579 	 75.2351 	 33
970000 	 71.0579 	 73.7357 	 33
972000 	 71.0579 	 71.6143 	 33
974000 	 71.0579 	 74.8705 	 33
976000 	 71.0579 	 73.8098 	 33
978000 	 71.0579 	 73.8464 	 33
980000 	 71.0579 	 76.0809 	 33
982000 	 71.0579 	 73.7567 	 33
984000 	 71.0579 	 73.3311 	 33
986000 	 71.0579 	 74.8845 	 33
988000 	 71.0579 	 73.6474 	 33
990000 	 71.0579 	 74.2479 	 33
992000 	 71.0579 	 75.9463 	 33
994000 	 71.0579 	 74.8674 	 33
996000 	 71.0579 	 74.1641 	 33
998000 	 71.0579 	 74.516 	 33
1000000 	 71.0579 	 72.6471 	 33
1002000 	 71.0579 	 73.214 	 33
1004000 	 71.0579 	 76.3962 	 33
1006000 	 71.0579 	 72.5127 	 33
1008000 	 71.0579 	 73.0662 	 33
1010000 	 71.0579 	 75.1389 	 33
1012000 	 71.0579 	 76.1349 	 33
1014000 	 71.0576 	 72.9073 	 33
1016000 	 71.0576 	 74.4681 	 33
1018000 	 71.0576 	 73.6989 	 33
1020000 	 71.0576 	 75.9833 	 33
1022000 	 71.0576 	 76.0501 	 33
1024000 	 71.0576 	 83.0771 	 33
1026000 	 71.0576 	 73.3081 	 33
1028000 	 71.0576 	 73.3641 	 33
1030000 	 71.0576 	 74.0418 	 33
1032000 	 71.0576 	 74.4993 	 33
1034000 	 71.0576 	 73.5752 	 33
1036000 	 71.0576 	 75.2733 	 33
1038000 	 71.0576 	 75.8245 	 33
1040000 	 71.0576 	 78.8527 	 33
1042000 	 71.0576 	 73.1188 	 33
1044000 	 71.0576 	 74.0505 	 33
1046000 	 71.0576 	 74.1927 	 33
1048000 	 71.0576 	 74.0271 	 33
1050000 	 71.0576 	 71.8074 	 33
1052000 	 71.0576 	 73.6576 	 33
1054000 	 71.0576 	 72.0435 	 33
1056000 	 71.0576 	 73.9952 	 33
1058000 	 71.0576 	 71.6311 	 33
1060000 	 71.0576 	 74.16 	 33
1062000 	 71.0576 	 75.1042 	 33
1064000 	 71.0576 	 76.003 	 33
1066000 	 71.0576 	 73.9094 	 33
1068000 	 71.0576 	 73.5024 	 33
1070000 	 71.0576 	 81.8081 	 33
1072000 	 71.0572 	 75.1467 	 33
1074000 	 71.0572 	 74.9711 	 33
1076000 	 71.0572 	 74.5228 	 33
1078000 	 71.0572 	 73.3734 	 33
1080000 	 71.0572 	 74.0579 	 33
1082000 	 71.0572 	 76.1413 	 33
1084000 	 71.0572 	 75.1909 	 33
1086000 	 71.0572 	 73.3108 	 33
1088000 	 71.0572 	 74.4848 	 33
1090000 	 71.0572 	 74.0047 	 33
1092000 	 71.0572 	 74.469 	 33
1094000 	 71.0572 	 76.9369 	 33
1096000 	 71.0572 	 77.1266 	 33
1098000 	 71.0572 	 74.623 	 33
1100000 	 71.0572 	 79.3329 	 33
1102000 	 71.0572 	 73.9119 	 33
1104000 	 71.0572 	 75.5509 	 33
1106000 	 71.0572 	 82.8643 	 33
1108000 	 71.0572 	 76.8659 	 33
1110000 	 71.0572 	 74.537 	 33
1112000 	 71.0572 	 74.1938 	 33
1114000 	 71.0572 	 72.3198 	 33
1116000 	 71.0572 	 75.0526 	 33
1118000 	 71.0572 	 74.5656 	 33
1120000 	 71.0572 	 75.2068 	 33
1122000 	 71.0572 	 74.3255 	 33
1124000 	 71.0572 	 74.547 	 33
1126000 	 71.0572 	 71.1605 	 33
1128000 	 71.0572 	 74.5635 	 33
1130000 	 71.0572 	 75.9163 	 33
1132000 	 71.0572 	 75.1293 	 33
1134000 	 71.0572 	 75.6759 	 33
1136000 	 71.0572 	 74.4699 	 33
1138000 	 71.0572 	 74.6406 	 33
1140000 	 71.0572 	 73.3301 	 33
1142000 	 71.0572 	 74.8352 	 33
1144000 	 71.0572 	 73.0276 	 33
1146000 	 71.0572 	 71.9915 	 33
1148000 	 71.0572 	 74.4318 	 33
1150000 	 71.0572 	 75.9912 	 33
1152000 	 71.0572 	 76.0799 	 33
1154000 	 71.0572 	 75.7448 	 33
1156000 	 71.0572 	 76.2902 	 33
1158000 	 71.0572 	 74.3348 	 33
1160000 	 71.0572 	 75.214 	 33
1162000 	 71.0572 	 74.1938 	 33
1164000 	 71.0572 	 74.3083 	 33
terminate called after throwing an instance of 'std::bad_alloc'
  what():  std::bad_alloc
Aborted
jenny@jenny-G50VT ~/docu/572/b $ 


jenny@jenny-G50VT ~/docu/572/b $ a
Population Information: 
min:198.803
avg:1.57481e+11
avgSize:9.81
0 	 198.803 	 1.38751e+06 	 9.91
20000 	 135.069 	 136.511 	 13
40000 	 135.059 	 138.232 	 13
60000 	 135.054 	 138.009 	 13
80000 	 135.039 	 137.995 	 13
100000 	 135.039 	 137.347 	 13
120000 	 135.038 	 135.886 	 13
140000 	 133.755 	 134.405 	 13
160000 	 106.055 	 107.238 	 23
180000 	 104.481 	 107.601 	 23
200000 	 103.952 	 106.076 	 23
220000 	 103.952 	 107.276 	 23
240000 	 103.952 	 105.327 	 23
260000 	 103.952 	 104.961 	 23
280000 	 103.952 	 107.083 	 23
300000 	 103.91 	 104.331 	 23
320000 	 103.845 	 106.978 	 23
340000 	 103.845 	 104.825 	 23
360000 	 103.845 	 108.419 	 23
380000 	 103.845 	 107.412 	 23
400000 	 103.845 	 104.855 	 23
420000 	 103.845 	 104.855 	 23
440000 	 103.643 	 105.162 	 23
460000 	 103.643 	 105.162 	 23
480000 	 103.643 	 106.241 	 23
500000 	 103.643 	 104.983 	 23
520000 	 103.643 	 107.23 	 23
540000 	 103.643 	 104.869 	 23
560000 	 103.643 	 105.489 	 23
580000 	 103.643 	 105.848 	 23
600000 	 103.643 	 106.973 	 23
620000 	 103.643 	 104.681 	 23
640000 	 103.643 	 104.577 	 23
660000 	 103.643 	 105.161 	 23
680000 	 103.643 	 104.061 	 23
700000 	 103.642 	 104.171 	 23
720000 	 103.642 	 103.642 	 23
740000 	 103.642 	 103.642 	 23
760000 	 103.642 	 106.37 	 23
780000 	 103.642 	 105.984 	 23
800000 	 103.642 	 106.888 	 23
820000 	 103.642 	 107.221 	 23
840000 	 103.642 	 107.221 	 23
860000 	 103.642 	 104.067 	 23
880000 	 103.642 	 104.256 	 23
900000 	 103.642 	 105.103 	 23
920000 	 103.633 	 105.134 	 23
940000 	 103.633 	 104.672 	 23
960000 	 103.633 	 105.259 	 23
980000 	 103.633 	 105.619 	 23
1000000 	 103.633 	 104.052 	 23
1020000 	 103.633 	 104.615 	 23
1040000 	 103.633 	 105.152 	 23
1060000 	 103.633 	 103.633 	 23
1080000 	 103.632 	 104.971 	 23
1100000 	 103.632 	 104.247 	 23
1120000 	 103.632 	 106.224 	 23
1140000 	 103.632 	 105.619 	 23
1160000 	 103.632 	 104.953 	 23
1180000 	 103.632 	 105.015 	 23
1200000 	 103.632 	 104.531 	 23
1220000 	 103.632 	 103.791 	 23
1240000 	 103.632 	 104.162 	 23
1260000 	 103.632 	 106.224 	 23
1280000 	 103.632 	 103.632 	 23
1300000 	 103.632 	 105.121 	 23
1320000 	 103.632 	 104.672 	 23
1340000 	 80.3774 	 81.986 	 33
terminate called after throwing an instance of 'std::bad_alloc'
  what():  std::bad_alloc
Aborted
jenny@jenny-G50VT ~/docu/572/b $ 



jenny@jenny-G50VT ~/docu/572/b $ m
g++ -c population.cpp
g++ -c individual.cpp
g++ -c node.cpp
g++ test.cpp population.o individual.o node.o
jenny@jenny-G50VT ~/docu/572/b $ a
Population Information: 
min:198.009
avg:2.8837e+06
avgSize:9.19
0 	 198.009 	 389658 	 9.19
20000 	 104.185 	 107.53 	 27
40000 	 104.185 	 105.416 	 27
60000 	 103.302 	 111.68 	 25
80000 	 102.822 	 105.993 	 25
100000 	 102.822 	 105.754 	 25
120000 	 102.752 	 104.143 	 25
140000 	 102.483 	 103.896 	 25
160000 	 102.356 	 103.706 	 25
180000 	 102.356 	 104.209 	 25
200000 	 102.356 	 105.77 	 25
220000 	 102.356 	 104.44 	 25
240000 	 102.356 	 102.679 	 25
260000 	 102.356 	 105.642 	 25
280000 	 102.356 	 104.629 	 25
300000 	 102.356 	 105.915 	 25
320000 	 102.356 	 105.122 	 25
340000 	 102.356 	 103.483 	 25
360000 	 94.7108 	 97.3932 	 34.98
380000 	 82.9482 	 87.1579 	 35
400000 	 82.3447 	 83.9952 	 35
420000 	 78.2388 	 80.8904 	 35
440000 	 76.9379 	 78.6812 	 35
460000 	 71.1131 	 72.0759 	 35
480000 	 71.1131 	 74.1644 	 35
500000 	 71.1131 	 74.13 	 35
520000 	 71.1103 	 74.2063 	 35
540000 	 71.1103 	 75.9054 	 35
560000 	 70.9419 	 74.2542 	 35
580000 	 70.9419 	 71.6244 	 35
600000 	 70.9397 	 72.6601 	 35
620000 	 70.932 	 73.3838 	 35
640000 	 70.932 	 73.564 	 35
660000 	 70.932 	 72.8779 	 35
680000 	 70.932 	 71.8897 	 35
700000 	 70.932 	 73.1713 	 35
720000 	 70.921 	 72.8081 	 35
740000 	 70.921 	 73.2938 	 35
760000 	 70.921 	 74.3827 	 35
780000 	 70.921 	 80.4436 	 35
800000 	 70.921 	 73.1725 	 35
820000 	 70.921 	 74.5555 	 35
840000 	 70.921 	 74.4767 	 35
860000 	 70.921 	 76.6155 	 35
880000 	 70.921 	 73.3051 	 35
900000 	 70.921 	 73.4767 	 35
920000 	 70.921 	 74.2979 	 35
940000 	 70.921 	 72.8375 	 35
960000 	 70.921 	 72.3312 	 35
980000 	 70.921 	 73.7736 	 35
1000000 	 70.921 	 73.9409 	 35
1020000 	 70.921 	 73.7158 	 35
terminate called after throwing an instance of 'std::bad_alloc'
  what():  std::bad_alloc
Aborted



jenny@jenny-G50VT ~/docu/572/b $ m
g++ -c population.cpp
g++ -c individual.cpp
g++ -c node.cpp
g++ test.cpp population.o individual.o node.o
jenny@jenny-G50VT ~/docu/572/b $ a
Population Information: 
min:198.143
avg:1.81016e+06
avgSize:11.22
0 	 198.143 	 135926 	 10.99
20000 	 133.57 	 135.863 	 13
40000 	 133.57 	 135.243 	 13
60000 	 133.57 	 137.03 	 13
80000 	 133.57 	 135.519 	 13
100000 	 133.57 	 134.251 	 13
120000 	 133.568 	 135.387 	 13
140000 	 133.568 	 135.862 	 13
160000 	 81.6292 	 89.0578 	 39.3
180000 	 70.8268 	 74.4615 	 33
200000 	 70.3375 	 70.3607 	 33
220000 	 70.3375 	 72.5214 	 33
240000 	 69.7524 	 71.6997 	 33
260000 	 69.4372 	 70.8819 	 33
280000 	 69.406 	 75.2315 	 33
300000 	 69.3222 	 72.8087 	 33
320000 	 69.3221 	 69.3222 	 33
340000 	 69.2873 	 71.814 	 33
360000 	 69.2873 	 71.448 	 33
380000 	 69.2873 	 70.2655 	 33
400000 	 69.2873 	 72.0331 	 33
420000 	 69.2873 	 71.2202 	 33
440000 	 69.2873 	 70.6407 	 33
460000 	 69.2863 	 70.2791 	 33
480000 	 69.2863 	 72.4215 	 33
500000 	 69.2863 	 69.9513 	 33
520000 	 69.2863 	 71.7075 	 33
540000 	 69.2863 	 70.6347 	 33
560000 	 69.2863 	 71.0958 	 33
580000 	 69.2863 	 75.1177 	 33
600000 	 69.2863 	 70.7236 	 33
620000 	 69.2863 	 71.158 	 33
640000 	 69.2863 	 70.9082 	 33
660000 	 69.2863 	 70.7171 	 33
680000 	 69.2863 	 70.5173 	 33
700000 	 69.2863 	 72.7799 	 33
720000 	 69.2859 	 70.5346 	 33
740000 	 69.2859 	 72.1287 	 33
760000 	 69.2721 	 71.7558 	 33
780000 	 69.2721 	 71.4596 	 33
800000 	 69.2721 	 69.9459 	 33
820000 	 69.2721 	 74.0249 	 33
840000 	 69.272 	 72.3431 	 33
860000 	 69.2647 	 70.3958 	 33
880000 	 69.2647 	 70.4938 	 33
900000 	 69.2647 	 69.4455 	 33
920000 	 69.2647 	 69.2647 	 33
940000 	 69.2647 	 70.0648 	 33
960000 	 69.2647 	 75.1417 	 33
980000 	 69.2647 	 74.3583 	 33
1000000 	 69.2647 	 74.2588 	 33
1020000 	 69.2647 	 70.9727 	 33
1040000 	 69.2647 	 70.297 	 33
1060000 	 69.2647 	 70.3954 	 33
terminate called after throwing an instance of 'std::bad_alloc'
  what():  std::bad_alloc
Aborted


jenny@jenny-G50VT ~/docu/572/b $ a
Population Information: 
min:197.942
avg:1.16697e+09
avgSize:8.66
0 	 197.942 	 33677.5 	 8.61
20000 	 197.476 	 197.489 	 11
40000 	 192.409 	 192.834 	 19
60000 	 190.841 	 191.964 	 31
80000 	 70.8744 	 142261 	 59
100000 	 67.9575 	 76.7513 	 59
120000 	 67.8339 	 70.9615 	 59
140000 	 67.1416 	 71.9925 	 59
160000 	 66.7132 	 69.8174 	 59
180000 	 66.7132 	 70.2026 	 59
200000 	 66.7124 	 127.777 	 59
220000 	 66.7124 	 70.779 	 59
240000 	 66.7124 	 101.9 	 59
260000 	 66.7124 	 69.191 	 59
280000 	 66.7124 	 70.0786 	 59
300000 	 66.6873 	 79.2863 	 59
320000 	 66.6426 	 109.911 	 59
340000 	 66.6426 	 68.7457 	 59
360000 	 66.6363 	 75.9769 	 59
380000 	 66.6363 	 67.1113 	 59
400000 	 66.6289 	 72.4667 	 59
420000 	 63.9523 	 75.5185 	 55
440000 	 63.9419 	 67.1401 	 55
460000 	 63.9333 	 145.835 	 55
480000 	 63.9333 	 83.4968 	 55
500000 	 63.9333 	 66.1796 	 55
520000 	 63.9331 	 25318.6 	 55
540000 	 63.9321 	 97.9231 	 55
560000 	 63.9321 	 78.0294 	 55
580000 	 63.9321 	 71.1276 	 55
600000 	 63.9321 	 68.97 	 55
620000 	 63.9316 	 64.4428 	 55
640000 	 63.9316 	 100.974 	 55
terminate called after throwing an instance of 'std::bad_alloc'
  what():  std::bad_alloc


jenny@jenny-G50VT ~/docu/572/b $ a
Population Information: 
min:204.207
avg:1.2915e+06
avgSize:6.24
0 	 204.207 	 1016.28 	 6.27
20000 	 116.107 	 139.931 	 26.7
40000 	 108.074 	 136.531 	 30.4
60000 	 107.524 	 127.715 	 28.9
80000 	 96.3399 	 118.633 	 29.7
100000 	 91.6086 	 117.702 	 30.5
120000 	 89.9483 	 113.569 	 31
140000 	 89.9483 	 120.241 	 30.3
160000 	 89.9483 	 108.4 	 30.2
180000 	 89.9483 	 105.134 	 29.4
200000 	 89.6329 	 102.743 	 29.5
220000 	 89.6329 	 102.063 	 28.4
240000 	 89.2456 	 102.077 	 28.7
260000 	 89.2456 	 102.855 	 29.1
280000 	 89.2456 	 100.163 	 28.8
300000 	 89.2456 	 99.0572 	 28.7
320000 	 89.2456 	 99.2773 	 28.1
340000 	 89.2456 	 98.8412 	 28.4
360000 	 88.9633 	 98.7373 	 28.5
380000 	 88.7605 	 97.2742 	 28.4
400000 	 88.7605 	 99.3646 	 28.8
420000 	 88.7605 	 96.4949 	 28.3
440000 	 88.7605 	 96.7675 	 28.6
460000 	 88.7605 	 97.3666 	 28.3
480000 	 88.7605 	 96.5617 	 28.6
500000 	 88.7605 	 96.0615 	 28.3
520000 	 88.7605 	 99.7414 	 28.3
540000 	 88.7605 	 100.297 	 28
560000 	 88.7605 	 96.9468 	 28
580000 	 88.7605 	 102.451 	 28.1
600000 	 88.7605 	 99.9625 	 28.2
620000 	 88.7605 	 95.6836 	 28.1
640000 	 88.7605 	 100.966 	 27.6
660000 	 88.7605 	 95.4836 	 27.7
680000 	 88.7605 	 97.2946 	 27.5
700000 	 88.7605 	 95.5283 	 27.5
720000 	 88.7605 	 94.3297 	 27.5
740000 	 88.7605 	 98.3947 	 27.5
760000 	 88.7605 	 94.1886 	 27.6
780000 	 88.7605 	 95.5849 	 27.4
800000 	 88.7605 	 95.9497 	 27.4
820000 	 88.7605 	 96.1501 	 27.5
840000 	 88.7605 	 94.8271 	 27.7
860000 	 88.7605 	 93.7605 	 27.5
880000 	 88.7605 	 94.6947 	 27.5
900000 	 88.7605 	 94.9037 	 27.3
920000 	 88.7605 	 94.8815 	 27.2
940000 	 88.7605 	 93.8112 	 27.4
960000 	 88.7605 	 94.5996 	 27
980000 	 88.7605 	 119.026 	 26.7
terminate called after throwing an instance of 'std::bad_alloc'
  what():  std::bad_alloc
jenny@jenny-G50VT ~/docu/572/b $ a
Population Information: 
min:204.207
avg:1.2915e+06
avgSize:6.24
0 	 204.207 	 1016.28 	 6.27
20000 	 116.107 	 139.931 	 26.7
40000 	 108.074 	 136.531 	 30.4
60000 	 107.524 	 127.715 	 28.9
80000 	 96.3399 	 118.633 	 29.7
100000 	 91.6086 	 117.702 	 30.5
120000 	 89.9483 	 113.569 	 31
140000 	 89.9483 	 120.241 	 30.3
160000 	 89.9483 	 108.4 	 30.2
180000 	 89.9483 	 105.134 	 29.4
200000 	 89.6329 	 102.743 	 29.5
220000 	 89.6329 	 102.063 	 28.4
240000 	 89.2456 	 102.077 	 28.7
260000 	 89.2456 	 102.855 	 29.1
280000 	 89.2456 	 100.163 	 28.8
300000 	 89.2456 	 99.0572 	 28.7
320000 	 89.2456 	 99.2773 	 28.1
340000 	 89.2456 	 98.8412 	 28.4
360000 	 88.9633 	 98.7373 	 28.5
380000 	 88.7605 	 97.2742 	 28.4
400000 	 88.7605 	 99.3646 	 28.8
420000 	 88.7605 	 96.4949 	 28.3
440000 	 88.7605 	 96.7675 	 28.6
460000 	 88.7605 	 97.3666 	 28.3
480000 	 88.7605 	 96.5617 	 28.6
500000 	 88.7605 	 96.0615 	 28.3
520000 	 88.7605 	 99.7414 	 28.3
540000 	 88.7605 	 100.297 	 28
560000 	 88.7605 	 96.9468 	 28
580000 	 88.7605 	 102.451 	 28.1
600000 	 88.7605 	 99.9625 	 28.2
620000 	 88.7605 	 95.6836 	 28.1
640000 	 88.7605 	 100.966 	 27.6
660000 	 88.7605 	 95.4836 	 27.7
680000 	 88.7605 	 97.2946 	 27.5
700000 	 88.7605 	 95.5283 	 27.5
720000 	 88.7605 	 94.3297 	 27.5
740000 	 88.7605 	 98.3947 	 27.5
760000 	 88.7605 	 94.1886 	 27.6
780000 	 88.7605 	 95.5849 	 27.4
800000 	 88.7605 	 95.9497 	 27.4
820000 	 88.7605 	 96.1501 	 27.5
840000 	 88.7605 	 94.8271 	 27.7
860000 	 88.7605 	 93.7605 	 27.5
880000 	 88.7605 	 94.6947 	 27.5
900000 	 88.7605 	 94.9037 	 27.3
920000 	 88.7605 	 94.8815 	 27.2
940000 	 88.7605 	 93.8112 	 27.4
960000 	 88.7605 	 94.5996 	 27
980000 	 88.7605 	 119.026 	 26.7
terminate called after throwing an instance of 'std::bad_alloc'
  what():  std::bad_alloc


996000 	 94.8918 	 111.703 	 31.5
998000 	 94.8918 	 135.737 	 31.5
1000000 	 94.8918 	 114.889 	 31.6
1002000 	 94.8918 	 109.832 	 31.6

popu[84]:  Size: 23 Fitness: 94.8918
F  
	/  
		10.2407  
		-3.44633  
	+  
		12.8277  
		X  
	+  
		1.54  
		X  
	F  
		+  
			12.9438  
			14.3048  
		-  
			-4.9612  
			X  
		*  
			0.532766  
			10.66  
		*  
			-4.51393  
			10.66  


1004000 	 94.8918 	 108.495 	 31.6



avgSize:7.34
0 	 198.4 	 1176.96 	 7.19
10000 	 197.835 	 262.915 	 3
20000 	 197.835 	 197.848 	 3
30000 	 197.835 	 232.26 	 3
^C
jenny@jenny-G50VT ~/docu/572/b $ a
Population Information: 
min:220.579
avg:4239.19
avgSize:6.15
0 	 220.579 	 1858.71 	 6.15
10000 	 198.423 	 199.217 	 5
20000 	 198.423 	 199.939 	 5
30000 	 198.423 	 198.423 	 5
40000 	 198.423 	 198.423 	 5
^C
jenny@jenny-G50VT ~/docu/572/b $ a
Population Information: 
min:198.423
avg:83542.4
avgSize:6.53
0 	 198.423 	 1441.61 	 6.56
10000 	 198.423 	 198.423 	 5
20000 	 198.423 	 199.212 	 5
^C
jenny@jenny-G50VT ~/docu/572/b $ a
Population Information: 
min:198.008
avg:132718
avgSize:6.7
0 	 198.008 	 5393.87 	 6.62
10000 	 181.356 	 193.15 	 17.03
20000 	 177.223 	 360.579 	 15.05
30000 	 177.223 	 193.429 	 15.08
40000 	 177.223 	 183.304 	 15.26
50000 	 177.223 	 183.201 	 15.38
60000 	 177.223 	 188.14 	 15.83
^C
jenny@jenny-G50VT ~/docu/572/b $ a
Population Information: 
min:200.536
avg:5751.89
avgSize:6.93
0 	 198.423 	 1782.84 	 6.98
10000 	 198.423 	 199.485 	 5
^C
jenny@jenny-G50VT ~/docu/572/b $ a
Population Information: 
min:198.216
avg:164958
avgSize:6.58
0 	 198.216 	 1920.9 	 6.39
10000 	 197.836 	 217.013 	 3
20000 	 197.836 	 222.202 	 3
30000 	 197.836 	 198.827 	 3
^C
jenny@jenny-G50VT ~/docu/572/b $ a
Population Information: 
min:198.423
avg:714920
avgSize:6.85
0 	 198.423 	 3117.4 	 6.83
10000 	 198.423 	 198.423 	 5
^C
jenny@jenny-G50VT ~/docu/572/b $ a
Population Information: 
min:197.967
avg:3434.25
avgSize:6.77
0 	 197.967 	 927.637 	 6.7
10000 	 197.475 	 202.905 	 8.96
20000 	 196.178 	 203.138 	 9.6
30000 	 164.594 	 520.518 	 10.36
40000 	 143.821 	 198.051 	 11.6
50000 	 143.821 	 197.043 	 14.64
60000 	 143.821 	 704645 	 17.24
70000 	 143.821 	 197.776 	 19.4
80000 	 143.821 	 261.417 	 21.8
90000 	 143.821 	 204.409 	 23.8
100000 	 143.821 	 304.635 	 24.48
110000 	 143.821 	 230.492 	 24.52
120000 	 143.821 	 195.362 	 24.6
130000 	 143.821 	 514.137 	 24.48
140000 	 143.821 	 196.643 	 24.64
150000 	 143.821 	 189.264 	 24.64
160000 	 138.493 	 276.474 	 24.76
170000 	 138.493 	 188.275 	 25.32
180000 	 138.493 	 483.064 	 25.44
^C
jenny@jenny-G50VT ~/docu/572/b $ mc
\rm *.o *~ a.out
rm: cannot remove ‘*~’: No such file or directory
make: *** [clean] Error 1
jenny@jenny-G50VT ~/docu/572/b $ m
g++ -c population.cpp
g++ -c individual.cpp
g++ -c node.cpp
g++ test.cpp population.o individual.o node.o
jenny@jenny-G50VT ~/docu/572/b $ a
Population Information: 
min:198.39
avg:4653.36
avgSize:7.95
0 	 198.39 	 1240 	 7.97
10000 	 197.373 	 198.663 	 14.69
20000 	 193.929 	 195.327 	 22
30000 	 193.821 	 193.821 	 25
40000 	 146.053 	 146.053 	 42
50000 	 144.265 	 146.694 	 39
60000 	 143.249 	 145.434 	 32
70000 	 143.244 	 146.684 	 32
80000 	 143.244 	 145.194 	 32
^C
jenny@jenny-G50VT ~/docu/572/b $ a
Population Information: 
min:198.208
avg:58684.8
avgSize:7.63
0 	 198.208 	 1165.07 	 7.49
10000 	 198.207 	 198.207 	 3
20000 	 198.207 	 198.306 	 3
30000 	 197.953 	 197.953 	 3
^C
jenny@jenny-G50VT ~/docu/572/b $ a
Population Information: 
min:197.806
avg:57327.1
avgSize:5.95
0 	 197.806 	 2135.64 	 5.9
10000 	 194.202 	 195.779 	 28.01
20000 	 194.007 	 194.007 	 24
^C
jenny@jenny-G50VT ~/docu/572/b $ mc
\rm *.o *~ a.out
rm: cannot remove ‘*~’: No such file or directory
make: *** [clean] Error 1
jenny@jenny-G50VT ~/docu/572/b $ m
g++ -c population.cpp
g++ -c individual.cpp
g++ -c node.cpp
g++ test.cpp population.o individual.o node.o
jenny@jenny-G50VT ~/docu/572/b $ a
Population Information: 
min:198.662
avg:162078
avgSize:7.88
0 	 198.662 	 8948.25 	 7.77
10000 	 100.996 	 116.108 	 45
20000 	 100.787 	 293.241 	 45
30000 	 100.787 	 184.943 	 45
40000 	 100.787 	 252.358 	 45
50000 	 100.787 	 2798.32 	 45
60000 	 100.775 	 1199.78 	 45
70000 	 100.758 	 167.789 	 45
^C
jenny@jenny-G50VT ~/docu/572/b $ a
Population Information: 
min:199.109
avg:1.57517e+11
avgSize:6.7
0 	 199.109 	 235050 	 6.8
10000 	 139.515 	 168.209 	 68.16
20000 	 87.4572 	 122.122 	 57.87
30000 	 84.0744 	 245.284 	 55.01
40000 	 83.3627 	 86.3363 	 55
50000 	 83.1341 	 14451.3 	 55
60000 	 82.8907 	 160313 	 55
70000 	 82.8907 	 1.41926e+08 	 55
80000 	 82.8907 	 71596.3 	 55
90000 	 82.1939 	 186.915 	 54.4
100000 	 81.158 	 191.374 	 51
110000 	 80.6875 	 86.188 	 51
120000 	 80.53 	 84.447 	 51
130000 	 80.53 	 596684 	 51
140000 	 80.5287 	 82.82 	 51
150000 	 80.5148 	 838.862 	 51
160000 	 80.5148 	 103224 	 51
170000 	 80.5141 	 83.0513 	 51
180000 	 80.5141 	 88.3059 	 51
190000 	 80.5141 	 82.3753 	 51
200000 	 80.5141 	 214.46 	 51
210000 	 80.5141 	 1.5484e+13 	 51
220000 	 80.5141 	 82.9165 	 51
230000 	 80.5141 	 259.463 	 51
240000 	 80.5141 	 134.68 	 51
250000 	 80.5095 	 87.5329 	 51
260000 	 80.509 	 3560.14 	 51
270000 	 80.509 	 212.267 	 51
280000 	 80.509 	 82.2964 	 51
290000 	 80.509 	 544.548 	 51
300000 	 80.5084 	 83.0535 	 51
310000 	 80.5084 	 112.774 	 51
320000 	 80.5084 	 23326.3 	 51
330000 	 80.5084 	 38973 	 51
340000 	 80.5084 	 87.3307 	 51
350000 	 80.5084 	 140.44 	 51
360000 	 80.5084 	 88.4362 	 51
370000 	 80.5084 	 89875.7 	 51
380000 	 80.5084 	 2.08503e+06 	 51
390000 	 80.5033 	 97.1745 	 51
400000 	 80.5031 	 47106 	 51
410000 	 80.5016 	 123903 	 51
420000 	 80.5016 	 85.0281 	 51
430000 	 80.5016 	 94.8543 	 51
440000 	 80.5016 	 87.5438 	 51
450000 	 80.4892 	 232.677 	 51
460000 	 80.4892 	 447689 	 51
470000 	 80.4878 	 625239 	 51
480000 	 80.4878 	 208.858 	 51
490000 	 80.4878 	 2.10384e+06 	 51
500000 	 80.4752 	 280.613 	 51
510000 	 80.4752 	 4.58147e+06 	 51
520000 	 80.4636 	 89.9062 	 51
530000 	 80.4636 	 161.04 	 51
540000 	 80.4636 	 179.848 	 51
550000 	 80.4636 	 94.5525 	 51
560000 	 80.4636 	 2.39213e+07 	 51
570000 	 80.4621 	 128.606 	 51
580000 	 80.4621 	 95.4696 	 51
590000 	 80.4539 	 90.6459 	 51
600000 	 80.4539 	 177.355 	 51
610000 	 80.4534 	 1158.63 	 51
620000 	 80.3805 	 1316.23 	 51
630000 	 80.3805 	 1273.17 	 51
640000 	 80.3805 	 11100.5 	 51
650000 	 80.3805 	 1.00396e+11 	 51
660000 	 80.3768 	 583.543 	 51
^C
jenny@jenny-G50VT ~/docu/572/b $ mc
\rm *.o *~ a.out
rm: cannot remove ‘*~’: No such file or directory
make: *** [clean] Error 1
jenny@jenny-G50VT ~/docu/572/b $ m
g++ -c population.cpp
g++ -c individual.cpp
g++ -c node.cpp
g++ test.cpp population.o individual.o node.o
jenny@jenny-G50VT ~/docu/572/b $ a
Population Information: 
min:198.65
avg:4652.31
avgSize:7.18
0 	 198.65 	 762.45 	 7.19
10000 	 100.857 	 103.862 	 32.5
20000 	 98.9081 	 102.756 	 29
30000 	 92.96 	 97.8057 	 27
40000 	 89.038 	 94.1073 	 23
50000 	 88.7468 	 92.6017 	 23
60000 	 88.7449 	 92.78 	 23
70000 	 88.7449 	 94.0773 	 23
80000 	 88.7449 	 95.4485 	 23
90000 	 88.7449 	 90.7149 	 23
100000 	 88.7449 	 92.3762 	 23
110000 	 88.7449 	 91.7688 	 23
120000 	 88.7443 	 99.1391 	 23
130000 	 88.7393 	 92.375 	 23
140000 	 88.7393 	 93.4307 	 23
150000 	 88.7379 	 91.3593 	 23
160000 	 88.7375 	 89.3388 	 23
170000 	 88.7375 	 92.3864 	 23
180000 	 88.7375 	 94.2226 	 23
190000 	 88.7375 	 89.8393 	 23
200000 	 88.7375 	 92.4405 	 23
210000 	 88.7375 	 93.6423 	 23
220000 	 88.7375 	 92.6157 	 23
230000 	 88.7368 	 92.4399 	 23
240000 	 88.7368 	 91.3287 	 23
250000 	 88.7368 	 94.6427 	 23
260000 	 88.7368 	 95.3766 	 23
270000 	 88.7368 	 94.5644 	 23
^C
jenny@jenny-G50VT ~/docu/572/b $ a
Population Information: 
min:198.65
avg:4.06544e+06
avgSize:6.82
0 	 198.65 	 59090 	 6.74
10000 	 197.513 	 201.78 	 17
20000 	 197.489 	 262.492 	 17
30000 	 197.489 	 200.288 	 17
^C
jenny@jenny-G50VT ~/docu/572/b $ a
Population Information: 
min:198.65
avg:9909.27
avgSize:6.51
0 	 198.65 	 4715.97 	 6.54
10000 	 120.253 	 123.734 	 49.01
20000 	 111.578 	 116.597 	 41.95
30000 	 107.252 	 110.472 	 34
40000 	 106.783 	 108.899 	 34
50000 	 106.494 	 108.343 	 34
60000 	 106.269 	 119.376 	 34
70000 	 106.265 	 110.156 	 34
^C
jenny@jenny-G50VT ~/docu/572/b $ a
Population Information: 
min:198.65
avg:86858.5
avgSize:6.54
0 	 198.65 	 1773.09 	 6.73
10000 	 100.067 	 105.89 	 29
20000 	 100.067 	 101.9 	 29
30000 	 100.067 	 103.427 	 29
40000 	 100.067 	 107.238 	 29
50000 	 100.067 	 102.51 	 29
60000 	 100.067 	 107.95 	 29
70000 	 100.067 	 103.255 	 29
80000 	 100.067 	 105.609 	 29
90000 	 100.067 	 103.43 	 29
100000 	 100.067 	 100.921 	 29
110000 	 100.067 	 102.476 	 29
120000 	 100.067 	 106.177 	 29
130000 	 100.067 	 102.645 	 29
140000 	 100.067 	 102.583 	 29
150000 	 100.067 	 101.661 	 29
160000 	 100.067 	 105.5 	 29
170000 	 100.067 	 101.834 	 29
180000 	 100.067 	 102.363 	 29
190000 	 100.067 	 105.346 	 29
200000 	 100.067 	 103.673 	 29
210000 	 100.067 	 103.407 	 29
220000 	 100.067 	 102.018 	 29
230000 	 100.067 	 102.154 	 29
240000 	 100.067 	 102.317 	 29
250000 	 100.067 	 102.426 	 29
260000 	 100.067 	 103.91 	 29
270000 	 100.067 	 100.939 	 29
280000 	 100.067 	 103.255 	 29
290000 	 100.067 	 101.71 	 29
300000 	 100.067 	 105.702 	 29
310000 	 100.067 	 103.332 	 29
^C
jenny@jenny-G50VT ~/docu/572/b $ a
Population Information: 
min:198.463
avg:168267
avgSize:6.13
0 	 198.463 	 6996.71 	 6.12
10000 	 104.733 	 108.434 	 23
20000 	 82.5991 	 94.5936 	 36
30000 	 79.3333 	 81.5876 	 33
40000 	 76.8321 	 78.1687 	 33
50000 	 76.8057 	 80.2413 	 33
60000 	 76.8033 	 81.2635 	 33
70000 	 76.8027 	 78.9274 	 33
80000 	 76.8027 	 81.9581 	 33
90000 	 76.8027 	 78.6336 	 33
100000 	 76.8026 	 81.2749 	 33
110000 	 76.6804 	 79.904 	 33
120000 	 76.3891 	 80.6522 	 33
130000 	 76.3891 	 78.4845 	 33
140000 	 76.3891 	 80.3508 	 33
150000 	 76.363 	 78.6613 	 33
160000 	 76.3581 	 79.0423 	 33
170000 	 76.3581 	 79.0267 	 33
180000 	 76.3528 	 87.2822 	 33
^C
jenny@jenny-G50VT ~/docu/572/b $ a
Population Information: 
min:199.053
avg:4886.1
avgSize:6.09
0 	 199.053 	 946.609 	 6.04
10000 	 198.65 	 198.65 	 5
20000 	 198.65 	 198.65 	 5
30000 	 198.65 	 198.65 	 5
40000 	 198.65 	 198.65 	 5
50000 	 198.65 	 198.65 	 5
^C
jenny@jenny-G50VT ~/docu/572/b $ a
Population Information: 
min:198.572
avg:1344.75
avgSize:7.46
0 	 198.572 	 980.109 	 7.31
10000 	 197.466 	 197.483 	 11
20000 	 197.463 	 199.174 	 11
30000 	 197.462 	 199.222 	 11
40000 	 197.462 	 199.267 	 11
^C
jenny@jenny-G50VT ~/docu/572/b $ a
Population Information: 
min:198.209
avg:63458.9
avgSize:7.14
0 	 198.209 	 2809.73 	 6.87
10000 	 197.481 	 256.956 	 11
20000 	 197.481 	 199.867 	 11
30000 	 197.481 	 197.481 	 11
^C
jenny@jenny-G50VT ~/docu/572/b $ a
Population Information: 
min:199.567
avg:3.39276e+09
avgSize:6.55
0 	 199.567 	 3925.9 	 6.62
10000 	 196.979 	 197.884 	 12
20000 	 196.979 	 196.999 	 12
30000 	 196.979 	 204.472 	 12
40000 	 196.979 	 196.994 	 12
^C
jenny@jenny-G50VT ~/docu/572/b $ a
Population Information: 
min:198.323
avg:82309.8
avgSize:6.79
0 	 198.323 	 1275.86 	 6.89
10000 	 196.121 	 196.121 	 23
20000 	 141.201 	 150.1 	 47.55
30000 	 113.446 	 121.17 	 40.29
40000 	 108.088 	 109.28 	 45
50000 	 107.943 	 110.853 	 51
60000 	 96.6636 	 140.435 	 31.75
70000 	 77.9263 	 83.4613 	 38.3
80000 	 77.8951 	 81.7221 	 35
90000 	 77.8951 	 144.644 	 35
100000 	 77.8951 	 98.8337 	 35
110000 	 77.8951 	 127.309 	 35
120000 	 77.8951 	 2300.33 	 35
130000 	 77.8951 	 82.0909 	 35
140000 	 77.8951 	 900.778 	 35
150000 	 77.8951 	 81.6941 	 35
160000 	 77.8951 	 80.5546 	 35
170000 	 60.9431 	 64.1235 	 27
180000 	 59.9257 	 65.4856 	 27
190000 	 59.9187 	 294828 	 27
200000 	 59.918 	 65.9986 	 27
210000 	 59.0421 	 62.1337 	 27
220000 	 59.0421 	 62.6313 	 27
230000 	 59.0421 	 80.6508 	 27
240000 	 59.0421 	 64.384 	 27
250000 	 59.0421 	 103.252 	 27
260000 	 59.0421 	 62.516 	 27
270000 	 59.0421 	 62.7779 	 27
280000 	 59.0232 	 61.9555 	 27
290000 	 59.0232 	 75.1048 	 27
300000 	 59.0232 	 61.473 	 27
310000 	 59.0232 	 104.047 	 27
320000 	 59.0232 	 61.5098 	 27
330000 	 59.0232 	 94.774 	 27
340000 	 59.0232 	 95.3628 	 27
350000 	 59.0232 	 124.956 	 27
360000 	 59.0232 	 59.124 	 27
370000 	 59.0232 	 98.0035 	 27
380000 	 59.0232 	 74.6493 	 27
390000 	 58.9766 	 121.32 	 27
400000 	 58.7515 	 61.8951 	 27
410000 	 58.7515 	 60.843 	 27
420000 	 58.7515 	 62.2872 	 27
430000 	 58.545 	 113.255 	 27
440000 	 58.5432 	 3480.45 	 27
450000 	 58.5427 	 275943 	 27
460000 	 58.5427 	 62.3004 	 27
470000 	 58.5427 	 58.5426 	 27
480000 	 58.5427 	 244.274 	 27
490000 	 58.5427 	 60.7056 	 27
500000 	 58.5427 	 64.4213 	 27
510000 	 58.5427 	 93.0148 	 27
520000 	 58.5427 	 61.3489 	 27
530000 	 58.5427 	 60.1724 	 27
540000 	 58.5427 	 149.091 	 27
550000 	 58.5427 	 120.083 	 27
560000 	 58.5427 	 59.4179 	 27
570000 	 58.5427 	 100.949 	 27
580000 	 58.5426 	 62.4122 	 27
590000 	 58.5419 	 404.951 	 27
600000 	 58.5419 	 4454.97 	 27
610000 	 58.5419 	 63.1567 	 27
620000 	 58.5419 	 61.4702 	 27
630000 	 58.5419 	 62.2175 	 27
640000 	 58.5419 	 61.0351 	 27
650000 	 58.5419 	 62.3251 	 27
660000 	 58.5419 	 90.9433 	 27
670000 	 58.5419 	 105.19 	 27
680000 	 58.5419 	 60.0334 	 27
690000 	 58.5419 	 60.5941 	 27
700000 	 58.5419 	 61.0273 	 27
710000 	 58.5419 	 106.999 	 27
720000 	 58.5419 	 164.377 	 27
730000 	 58.5419 	 62.7557 	 27
740000 	 58.5419 	 107.756 	 27
750000 	 58.5419 	 59.2384 	 27
760000 	 58.4624 	 61.6483 	 27
770000 	 58.4624 	 358.478 	 27
780000 	 58.4624 	 107.97 	 27
790000 	 58.4624 	 60.8404 	 27
800000 	 58.4624 	 60.5203 	 27
810000 	 58.4624 	 98.5596 	 27
820000 	 58.4624 	 61.515 	 27
830000 	 58.4624 	 60.9785 	 27
840000 	 58.4624 	 59.5976 	 27
850000 	 58.4624 	 65.0169 	 27
860000 	 58.4624 	 59.2341 	 27
870000 	 58.4624 	 83.6404 	 27
880000 	 58.4624 	 60.4238 	 27
890000 	 58.4624 	 59.3706 	 27
900000 	 58.4624 	 104.284 	 27
910000 	 58.4624 	 63.7591 	 27
920000 	 58.4624 	 60.123 	 27
930000 	 58.4624 	 106.657 	 27
940000 	 58.4624 	 63.6104 	 27
950000 	 58.4624 	 124.812 	 27
960000 	 58.4567 	 99.7899 	 27
970000 	 58.4567 	 61.6393 	 27
980000 	 58.4567 	 60.365 	 27
990000 	 58.4558 	 69.3182 	 27
1000000 	 58.4558 	 2151.16 	 27
1010000 	 58.4555 	 61.8851 	 27
^C
jenny@jenny-G50VT ~/docu/572/b $ 


			X  
			-0.267406  
		*  
			-4.50702  
			12.0483  
		F  
			*  
				-2.60372  
				12.2229  
			-  
				X  
				-4.93333  
			*  
				-2.11954  
				8.68027  
			+  
				14.6801  
				14.6801  

popu[86]:  Size: 33 Fitness: 71.1096
F  
	-  
		-1.11176  
		12.2229  
	-  
		X  
		-2.36866  
	-  
		X  
		-0.267406  
	F  
		*  
			-2.49308  
			12.0483  
		-  
			X  
			-0.267406  
		*  
			-4.50702  
			12.0483  
		F  
			*  
				-2.60372  
				12.2229  
			-  
				X  
				-4.93333  
			*  
				-2.11954  
				8.68027  
			+  
				14.6801  
				14.6801  

popu[87]:  Size: 33 Fitness: 71.1096
F  
	*  
		-1.11176  
		12.2229  
	-  
		X  
		-2.36866  
	-  
		X  
		-0.267406  
	F  
		*  
			-2.49308  
			12.2229  
		-  
			X  
			-0.267406  
		*  
			-4.50702  
			12.0483  
		F  
			*  
				-2.60372  
				12.2229  
			-  
				X  
				-4.93333  
			*  
				-2.11954  
				8.68027  
			+  
				14.6801  
				14.6801  

popu[88]:  Size: 33 Fitness: 71.1096
F  
	-  
		-1.11176  
		12.2229  
	-  
		X  
		-2.36866  
	-  
		X  
		-0.267406  
	F  
		*  
			-2.49308  
			12.2229  
		-  
			X  
			-0.267406  
		*  
			-4.50702  
			12.0483  
		F  
			*  
				-2.60372  
				12.2229  
			-  
				X  
				-4.93333  
			*  
				-2.11954  
				8.68027  
			+  
				14.6801  
				14.6801  

popu[89]:  Size: 33 Fitness: 71.1096
F  
	-  
		-1.11176  
		12.2229  
	-  
		X  
		-2.36866  
	-  
		X  
		-0.267406  
	F  
		*  
			-2.49308  
			12.2229  
		-  
			X  
			-0.267406  
		*  
			-4.50702  
			12.0483  
		F  
			*  
				-2.60372  
				12.0746  
			-  
				X  
				-4.93333  
			*  
				-2.11954  
				8.68027  
			+  
				14.6801  
				14.6801  

popu[90]:  Size: 33 Fitness: 71.1096
F  
	-  
		-1.11176  
		12.2229  
	-  
		X  
		-2.36866  
	-  
		X  
		-0.267406  
	F  
		*  
			-2.49308  
			12.2229  
		-  
			X  
			-0.267406  
		*  
			-4.50702  
			12.0483  
		F  
			*  
				-2.60372  
				12.2229  
			-  
				X  
				-4.93333  
			*  
				-2.11954  
				8.68027  
			+  
				14.6801  
				14.6801  

popu[91]:  Size: 33 Fitness: 71.1096
F  
	-  
		-1.11176  
		12.2229  
	-  
		X  
		-2.36866  
	-  
		X  
		-0.267406  
	F  
		*  
			-2.49308  
			12.2229  
		-  
			X  
			-0.267406  
		*  
			-4.50702  
			12.0483  
		F  
			*  
				-2.60372  
				12.0746  
			-  
				X  
				-4.93333  
			*  
				-2.11954  
				8.68027  
			+  
				14.6801  
				14.6801  

popu[92]:  Size: 33 Fitness: 71.1096
F  
	-  
		-1.11176  
		12.2229  
	-  
		X  
		-2.36866  
	-  
		X  
		-0.267406  
	F  
		*  
			-2.49308  
			12.2229  
		-  
			X  
			-0.267406  
		*  
			-4.50702  
			12.0483  
		F  
			*  
				-2.60372  
				12.2229  
			-  
				X  
				-4.93333  
			*  
				-2.11954  
				8.68027  
			+  
				14.6801  
				14.6801  

popu[93]:  Size: 33 Fitness: 71.1096
F  
	-  
		-1.11176  
		12.2229  
	-  
		X  
		-2.36866  
	-  
		X  
		-0.267406  
	F  
		*  
			-2.49308  
			12.2229  
		-  
			X  
			-0.267406  
		*  
			-4.50702  
			12.0483  
		F  
			*  
				-2.60372  
				12.2229  
			-  
				X  
				-4.93333  
			*  
				-2.11954  
				8.68027  
			+  
				14.6801  
				14.6801  

popu[94]:  Size: 33 Fitness: 71.1096
F  
	-  
		-1.11176  
		12.2229  
	-  
		X  
		-2.11954  
	-  
		X  
		-0.267406  
	F  
		*  
			-2.49308  
			12.2229  
		-  
			X  
			-0.267406  
		*  
			-4.50702  
			12.0483  
		F  
			*  
				-2.60372  
				12.0746  
			-  
				X  
				-4.93333  
			*  
				-2.11954  
				8.68027  
			+  
				14.6801  
				14.6801  

popu[95]:  Size: 33 Fitness: 71.1096
F  
	-  
		-1.11176  
		12.2229  
	-  
		X  
		-2.36866  
	-  
		X  
		-0.267406  
	F  
		*  
			-2.49308  
			12.2229  
		-  
			X  
			-0.267406  
		*  
			-4.50702  
			12.0483  
		F  
			*  
				-2.60372  
				12.0746  
			-  
				X  
				-4.93333  
			*  
				-2.11954  
				8.68027  
			+  
				14.6801  
				14.6801  

popu[96]:  Size: 33 Fitness: 71.1096
F  
	*  
		-1.11176  
		12.2229  
	-  
		X  
		-2.11954  
	-  
		X  
		-0.267406  
	F  
		*  
			-2.49308  
			12.2229  
		-  
			X  
			-0.267406  
		*  
			-4.50702  
			12.0483  
		F  
			*  
				-2.60372  
				12.0483  
			-  
				X  
				-4.93333  
			*  
				-2.11954  
				8.68027  
			+  
				14.6801  
				14.6801  

popu[97]:  Size: 33 Fitness: 71.1096
F  
	-  
		-1.11176  
		12.2229  
	-  
		X  
		-2.36866  
	-  
		X  
		-0.267406  
	F  
		*  
			-2.49308  
			12.2229  
		-  
			X  
			-0.267406  
		*  
			-4.50702  
			12.0483  
		F  
			*  
				-2.60372  
				12.0746  
			-  
				X  
				-4.93333  
			*  
				-2.11954  
				8.68027  
			+  
				14.6801  
				14.6801  

popu[98]:  Size: 33 Fitness: 71.1096
F  
	*  
		-1.11176  
		12.2229  
	-  
		X  
		-2.11954  
	-  
		X  
		-0.267406  
	F  
		*  
			-2.49308  
			12.2229  
		-  
			X  
			-0.267406  
		*  
			-4.50702  
			12.0483  
		F  
			*  
				-2.60372  
				12.0746  
			-  
				X  
				-4.93333  
			*  
				-2.11954  
				8.68027  
			+  
				14.6801  
				14.6801  

popu[99]:  Size: 33 Fitness: 71.1096
F  
	*  
		-1.11176  
		12.2229  
	-  
		X  
		-2.11954  
	-  
		X  
		-0.267406  
	F  
		*  
			-2.49308  
			12.2229  
		-  
			X  
			-0.267406  
		*  
			-4.50702  
			12.0483  
		F  
			*  
				-2.60372  
				12.0746  
			-  
				X  
				-4.93333  
			*  
				-2.11954  
				8.68027  
			+  
				14.6801  
				14.6801  


^C
jenny@jenny-G50VT ~/docu/572/b $ 



popu[96]:  Size: 33 Fitness: 71.1096
F  
	*  
		-1.11176  
		12.2229  
	-  
		X  
		-2.11954  
	-  
		X  
		-0.267406  
	F  
		*  
			-2.49308  
			12.2229  
		-  
			X  
			-0.267406  
		*  
			-4.50702  
			12.0483  
		F  
			*  
				-2.60372  
				12.0483  
			-  
				X  
				-4.93333  
			*  
				-2.11954  
				8.68027  
			+  
				14.6801  
				14.6801  

popu[97]:  Size: 33 Fitness: 71.1096
F  
	-  
		-1.11176  
		12.2229  
	-  
		X  
		-2.36866  
	-  
		X  
		-0.267406  
	F  
		*  
			-2.49308  
			12.2229  
		-  
			X  
			-0.267406  
		*  
			-4.50702  
			12.0483  
		F  
			*  
				-2.60372  
				12.0746  
			-  
				X  
				-4.93333  
			*  
				-2.11954  
				8.68027  
			+  
				14.6801  
				14.6801  

popu[98]:  Size: 33 Fitness: 71.1096
F  
	*  
		-1.11176  
		12.2229  
	-  
		X  
		-2.11954  
	-  
		X  
		-0.267406  
	F  
		*  
			-2.49308  
			12.2229  
		-  
			X  
			-0.267406  
		*  
			-4.50702  
			12.0483  
		F  
			*  
				-2.60372  
				12.0746  
			-  
				X  
				-4.93333  
			*  
				-2.11954  
				8.68027  
			+  
				14.6801  
				14.6801  

popu[99]:  Size: 33 Fitness: 71.1096
F  
	*  
		-1.11176  
		12.2229  
	-  
		X  
		-2.11954  
	-  
		X  
		-0.267406  
	F  
		*  
			-2.49308  
			12.2229  
		-  
			X  
			-0.267406  
		*  
			-4.50702  
			12.0483  
		F  
			*  
				-2.60372  
				12.0746  
			-  
				X  
				-4.93333  
			*  
				-2.11954  
				8.68027  
			+  
				14.6801  
				14.6801  


^C
jenny@jenny-G50VT ~/docu/572/b $ mc
\rm *.o *~ a.out
rm: cannot remove ‘*~’: No such file or directory
make: *** [clean] Error 1
jenny@jenny-G50VT ~/docu/572/b $ m
g++ -c population.cpp
g++ -c individual.cpp
g++ -c node.cpp
g++ test.cpp population.o individual.o node.o
jenny@jenny-G50VT ~/docu/572/b $ a
Population Information: 
min:198.376
avg:3089.27
avgSize:6.76
0 	 198.376 	 1319.71 	 6.69
10000 	 197.012 	 197.034 	 15
20000 	 197.012 	 198.236 	 15
30000 	 168.253 	 168.875 	 28
^C
jenny@jenny-G50VT ~/docu/572/b $ a
Population Information: 
min:198.55
avg:4208.5
avgSize:6.77
0 	 198.55 	 1239.93 	 6.62
10000 	 197.837 	 199.733 	 17
20000 	 197.227 	 215.983 	 17
30000 	 195.576 	 197.101 	 35
40000 	 186.849 	 188.163 	 23
50000 	 185.96 	 187.183 	 23
60000 	 185.876 	 188.996 	 23
70000 	 185.806 	 188.128 	 23
80000 	 185.797 	 187.08 	 23
^C
jenny@jenny-G50VT ~/docu/572/b $ a
Population Information: 
min:198.104
avg:1.10226e+08
avgSize:6.71
0 	 198.104 	 2387.14 	 6.63
10000 	 173.862 	 176.31 	 59
20000 	 141.854 	 205.588 	 48
30000 	 141.854 	 163.479 	 48
40000 	 141.854 	 141.854 	 48
^C
jenny@jenny-G50VT ~/docu/572/b $ a
Population Information: 
min:198.28
avg:168389
avgSize:6.62
0 	 198.28 	 7120.45 	 6.56
10000 	 197.133 	 198.756 	 18
20000 	 197.132 	 198.743 	 18
30000 	 196.925 	 196.929 	 18
40000 	 196.868 	 262.181 	 18
50000 	 196.868 	 196.871 	 18
60000 	 196.868 	 197.917 	 18
70000 	 196.868 	 197.812 	 18
80000 	 196.781 	 196.809 	 18
90000 	 196.781 	 198.404 	 18
100000 	 196.736 	 197.838 	 18
110000 	 196.736 	 196.736 	 18
120000 	 196.736 	 198.407 	 18
130000 	 196.726 	 198.436 	 18
140000 	 196.726 	 196.726 	 18
150000 	 196.726 	 198.476 	 18
160000 	 196.726 	 196.729 	 18
170000 	 196.726 	 196.756 	 18
180000 	 196.726 	 198.39 	 18
190000 	 196.725 	 196.772 	 18
200000 	 196.725 	 198.355 	 18
^C
jenny@jenny-G50VT ~/docu/572/b $ a
Population Information: 
min:198.55
avg:470387
avgSize:6.25
0 	 198.55 	 172422 	 6.44
10000 	 198.55 	 198.55 	 5
20000 	 198.55 	 198.55 	 5
30000 	 198.55 	 198.55 	 5
40000 	 198.55 	 198.55 	 5
^C
jenny@jenny-G50VT ~/docu/572/b $ a
Population Information: 
min:198.402
avg:81797.1
avgSize:6.79
^C
jenny@jenny-G50VT ~/docu/572/b $ mc
\rm *.o *~ a.out
rm: cannot remove ‘*~’: No such file or directory
make: *** [clean] Error 1
jenny@jenny-G50VT ~/docu/572/b $ m
g++ -c population.cpp
g++ -c individual.cpp
g++ -c node.cpp
g++ test.cpp population.o individual.o node.o
jenny@jenny-G50VT ~/docu/572/b $ mc
\rm *.o *~ a.out
rm: cannot remove ‘*~’: No such file or directory
make: *** [clean] Error 1
jenny@jenny-G50VT ~/docu/572/b $ m
g++ -c population.cpp
g++ -c individual.cpp
g++ -c node.cpp
g++ test.cpp population.o individual.o node.o
jenny@jenny-G50VT ~/docu/572/b $ a
Population Information: 
min:198.451
avg:1.57456e+11
avgSize:6.58
0 	 198.451 	 199554 	 6.45
^C
jenny@jenny-G50VT ~/docu/572/b $ a
Population Information: 
min:198.451
avg:1.29771e+06
avgSize:5.83
0 	 198.451 	 2155.99 	 5.8
10000 	 197.367 	 242.793 	 13
20000 	 197.367 	 197.38 	 13
30000 	 197.366 	 197.579 	 13
^C
jenny@jenny-G50VT ~/docu/572/b $ a
Population Information: 
min:198.451
avg:1.10315e+08
avgSize:6.61
0 	 198.451 	 12624.6 	 6.56
10000 	 195.472 	 217.101 	 34
20000 	 80.5259 	 83.0977 	 38
30000 	 77.5121 	 100.666 	 38
40000 	 77.3025 	 80.2447 	 38
50000 	 77.3025 	 170.859 	 38
60000 	 76.629 	 76.6402 	 44
70000 	 76.629 	 78.1945 	 44
80000 	 76.6247 	 79.203 	 41.5
90000 	 76.4573 	 80.3511 	 44
100000 	 76.4573 	 78.1421 	 44
110000 	 76.4573 	 79.7234 	 44
120000 	 76.4511 	 80.7057 	 44
130000 	 76.4511 	 76.5203 	 44
140000 	 76.4511 	 78.7779 	 44
150000 	 76.4478 	 77.5846 	 44
160000 	 76.4478 	 91.086 	 44
170000 	 76.4478 	 82.0184 	 44
^C
jenny@jenny-G50VT ~/docu/572/b $ a
Population Information: 
min:198.451
avg:106207
avgSize:8.37
0 	 198.451 	 10303 	 8.12
10000 	 197.578 	 199.176 	 14
20000 	 197.578 	 197.587 	 14
^C
jenny@jenny-G50VT ~/docu/572/b $ a
Population Information: 
min:198.22
avg:82352.1
avgSize:6.43
0 	 198.22 	 933.834 	 6.39
10000 	 197.494 	 197.494 	 14
20000 	 197.494 	 200.024 	 14
^C
jenny@jenny-G50VT ~/docu/572/b $ a
Population Information: 
min:197.865
avg:5977.64
avgSize:7.54
0 	 197.865 	 2595.29 	 7.46
10000 	 97.6106 	 97.9133 	 41
20000 	 82.811 	 85.9541 	 41
30000 	 78.31 	 78.8993 	 41
40000 	 77.8071 	 83.9454 	 41
50000 	 77.8071 	 81.0591 	 41
60000 	 77.7411 	 78.1953 	 41
70000 	 77.1786 	 83.9399 	 41
80000 	 77.0113 	 78.5809 	 41
90000 	 77.0105 	 78.3048 	 41
100000 	 77.0105 	 81.1737 	 41
110000 	 77.0004 	 77.7307 	 41
120000 	 77.0004 	 81.8266 	 41
130000 	 77.0004 	 78.7521 	 41
140000 	 77.0004 	 81.2234 	 41
150000 	 76.9961 	 81.8282 	 41
160000 	 76.9961 	 79.6035 	 41
170000 	 76.9961 	 80.785 	 41
180000 	 76.9961 	 77.8146 	 41
190000 	 76.9961 	 80.7946 	 41
200000 	 76.9961 	 78.362 	 41
210000 	 76.9961 	 76.9961 	 41
220000 	 76.9961 	 78.6305 	 41
230000 	 76.9961 	 78.5623 	 41
240000 	 76.9961 	 85.1098 	 41
250000 	 76.9952 	 78.3625 	 41
260000 	 76.9934 	 79.595 	 41
270000 	 76.9934 	 76.9935 	 41
280000 	 76.9934 	 77.2777 	 41
290000 	 76.9934 	 81.1437 	 41
300000 	 76.9934 	 81.3712 	 41
310000 	 76.9934 	 80.9994 	 41
320000 	 76.9934 	 81.2354 	 41
330000 	 76.9934 	 78.9102 	 41
340000 	 76.9934 	 77.8119 	 41
350000 	 76.993 	 82.5449 	 41
360000 	 76.993 	 79.0239 	 41
370000 	 76.993 	 77.9124 	 41
380000 	 76.993 	 79.2731 	 41
390000 	 76.993 	 77.9886 	 41
400000 	 76.993 	 78.5629 	 41
410000 	 76.993 	 81.8489 	 41
420000 	 76.993 	 80.9694 	 41
430000 	 76.993 	 80.8271 	 41
440000 	 76.993 	 80.7494 	 41
450000 	 76.993 	 79.7665 	 41
460000 	 76.993 	 76.9931 	 41
470000 	 76.993 	 78.0852 	 41
480000 	 76.993 	 80.6442 	 41
490000 	 76.993 	 78.7523 	 41
500000 	 76.993 	 81.6162 	 41
510000 	 76.993 	 79.5946 	 41
520000 	 76.993 	 81.5623 	 41
530000 	 76.993 	 77.6622 	 41
540000 	 76.993 	 77.7937 	 41
550000 	 76.993 	 81.1564 	 41
560000 	 76.993 	 79.3456 	 41
570000 	 76.993 	 78.3226 	 41
580000 	 76.993 	 76.9931 	 41
590000 	 76.993 	 78.3251 	 41
600000 	 76.993 	 77.8923 	 41
610000 	 76.993 	 79.8102 	 41
620000 	 76.993 	 81.2799 	 41
630000 	 76.993 	 81.2068 	 41
640000 	 76.993 	 81.2352 	 41
650000 	 76.993 	 77.5125 	 41
660000 	 76.993 	 77.9257 	 41
670000 	 76.9921 	 78.5181 	 41
680000 	 76.9921 	 80.9676 	 41
^C
jenny@jenny-G50VT ~/docu/572/b $ a
Population Information: 
min:198.451
avg:8226.17
avgSize:6.58
0 	 198.451 	 1242.5 	 6.47
10000 	 130.883 	 132.828 	 35.44
20000 	 89.6676 	 90.9603 	 23
30000 	 87.657 	 90.6763 	 23
40000 	 87.657 	 88.7987 	 23
50000 	 71.353 	 73.1541 	 33
60000 	 70.9655 	 73.4285 	 33
70000 	 70.8797 	 72.147 	 33
80000 	 70.8738 	 75.7078 	 33
90000 	 70.8062 	 70.9187 	 33
100000 	 70.8062 	 70.8062 	 33
110000 	 70.6229 	 71.3445 	 33
120000 	 69.4479 	 72.9416 	 33
130000 	 69.0415 	 71.0797 	 33
140000 	 68.2629 	 68.9737 	 33
150000 	 68.2629 	 73.1804 	 33
160000 	 68.2629 	 70.7508 	 33
170000 	 68.2629 	 70.237 	 33
180000 	 68.2629 	 70.7881 	 33
190000 	 68.0529 	 70.72 	 33
200000 	 68.0529 	 68.7042 	 33
210000 	 68.0526 	 69.4065 	 33
220000 	 68.0526 	 69.8022 	 33
230000 	 68.0526 	 70.0886 	 33
240000 	 68.0526 	 69.1897 	 33
250000 	 67.986 	 68.5648 	 33
260000 	 67.986 	 69.21 	 33
270000 	 67.9848 	 69.997 	 33
280000 	 67.9848 	 69.3151 	 33
290000 	 67.9848 	 68.6264 	 33
300000 	 67.9848 	 69.3641 	 33
310000 	 67.8943 	 69.1034 	 33
320000 	 67.8941 	 72.3023 	 33
330000 	 67.8941 	 71.8541 	 33
340000 	 67.8941 	 69.2252 	 33
350000 	 67.8941 	 71.5823 	 33
360000 	 67.8941 	 71.1618 	 33
370000 	 67.8941 	 74.207 	 33
380000 	 67.8941 	 69.2743 	 33
390000 	 67.8941 	 73.5017 	 33
400000 	 67.8941 	 69.2971 	 33
410000 	 67.8941 	 71.4004 	 33
420000 	 67.8941 	 69.2888 	 33
430000 	 67.8941 	 69.8586 	 33
440000 	 67.8941 	 72.434 	 33
450000 	 67.8941 	 70.3872 	 33
460000 	 67.894 	 68.5071 	 33
470000 	 67.894 	 69.1145 	 33
480000 	 67.894 	 72.831 	 33
490000 	 67.894 	 68.626 	 33
500000 	 67.894 	 72.7095 	 33
510000 	 67.8933 	 69.7033 	 33
520000 	 67.8933 	 74.7645 	 33
530000 	 67.8922 	 74.3754 	 33
540000 	 67.8922 	 69.2109 	 33
550000 	 67.8922 	 69.5434 	 33
560000 	 67.8922 	 68.9856 	 33
570000 	 67.8922 	 67.8922 	 33
580000 	 67.8922 	 73.7828 	 33
590000 	 67.8922 	 67.8922 	 33
600000 	 67.8922 	 71.1688 	 33
610000 	 67.8922 	 69.532 	 33
620000 	 67.8922 	 70.8445 	 33
630000 	 67.8922 	 75.9829 	 33
640000 	 67.8922 	 68.6844 	 33
650000 	 67.8922 	 69.1902 	 33
660000 	 67.8922 	 70.6277 	 33
670000 	 67.8922 	 69.804 	 33
680000 	 67.8922 	 68.5052 	 33
690000 	 67.8922 	 73.8947 	 33
700000 	 67.8922 	 70.8384 	 33
710000 	 67.8922 	 69.0788 	 33
720000 	 67.8922 	 68.8203 	 33
730000 	 67.8922 	 68.4047 	 33
740000 	 67.8922 	 69.2947 	 33
750000 	 67.8922 	 70.4948 	 33
760000 	 67.8922 	 70.6277 	 33
770000 	 67.8922 	 70.6277 	 33
780000 	 67.8922 	 71.579 	 33
790000 	 67.8922 	 70.4246 	 33
800000 	 67.8922 	 72.8366 	 33
810000 	 67.8922 	 72.8277 	 33
820000 	 67.8922 	 68.6306 	 33
830000 	 67.8922 	 69.2149 	 33
840000 	 67.8922 	 67.8921 	 33
850000 	 67.8922 	 69.5926 	 33
860000 	 67.8922 	 69.2702 	 33
870000 	 67.8922 	 69.5314 	 33
880000 	 67.8922 	 70.8442 	 33
890000 	 67.8922 	 70.3027 	 33
900000 	 67.8922 	 68.4047 	 33
910000 	 67.8922 	 69.7017 	 33
920000 	 67.8922 	 96.5545 	 33
930000 	 67.8922 	 70.0952 	 33
940000 	 67.8922 	 72.7235 	 33
950000 	 67.8922 	 69.1195 	 33
960000 	 67.8922 	 70.5795 	 33
970000 	 67.8922 	 70.8024 	 33
980000 	 67.8922 	 73.9917 	 33
990000 	 67.8922 	 70.4946 	 33
1000000 	 67.8922 	 74.7648 	 33
1010000 	 67.8922 	 72.8278 	 33
1020000 	 67.8922 	 72.4353 	 33
1030000 	 67.8922 	 72.4317 	 33
1040000 	 67.8922 	 70.6903 	 33
1050000 	 67.8922 	 68.4892 	 33
1060000 	 67.8922 	 74.7648 	 33
1070000 	 67.8922 	 74.8837 	 33
1080000 	 67.8922 	 70.2435 	 33
1090000 	 67.8922 	 69.0997 	 33
1100000 	 67.8922 	 69.4376 	 33
1110000 	 67.8922 	 70.6813 	 33
1120000 	 67.8922 	 70.4871 	 33
1130000 	 67.8922 	 69.9075 	 33
1140000 	 67.8922 	 72.522 	 33
1150000 	 67.8922 	 70.1998 	 33
1160000 	 67.8922 	 69.2947 	 33
1170000 	 67.8922 	 67.8921 	 33
1180000 	 67.8922 	 70.6903 	 33
1190000 	 67.8922 	 68.7275 	 33
terminate called after throwing an instance of 'std::bad_alloc'
  what():  std::bad_alloc
Aborted
jenny@jenny-G50VT ~/docu/572/b $ 


jenny@jenny-G50VT ~/docu/572/b $ a
Population Information: 
min:198.373
avg:223771
avgSize:6.09
0 	 198.373 	 62508.3 	 6.15
10000 	 47.792 	 52.2099 	 228.71
20000 	 43.2229 	 47.4843 	 170.03
30000 	 40.6869 	 44.7676 	 178.67
40000 	 39.5117 	 40.8662 	 180.05
50000 	 39.1358 	 41.5992 	 186.31
60000 	 39.0548 	 41.1758 	 183
70000 	 39.013 	 44.1686 	 183
80000 	 38.7218 	 39.3482 	 183.3
90000 	 37.7194 	 40.3539 	 179.78
100000 	 36.9666 	 1945.47 	 188.16
110000 	 36.5285 	 38.7527 	 203.68
120000 	 36.3764 	 100.678 	 201.6
130000 	 36.3343 	 40.3855 	 199
140000 	 36.3302 	 56.5278 	 199
150000 	 36.3227 	 38.3612 	 199.15
160000 	 36.2536 	 60.347 	 204
170000 	 36.1636 	 40.8178 	 203.05
180000 	 36.1345 	 40.0999 	 203
190000 	 36.0784 	 41.1022 	 203.3
200000 	 35.9286 	 39.7798 	 206.87
terminate called after throwing an instance of 'std::bad_alloc'
  what():  std::bad_alloc
Aborted
jenny@jenny-G50VT ~/docu/572/b $ 

avg:85984.8
avgSize:7.96
0 	 198.383 	 1947.06 	 7.97
5000 	 198.068 	 199.89 	 6
10000 	 198.03 	 198.033 	 6
^C
jenny@jenny-G50VT ~/docu/572/b $ a
Population Information: 
min:198.378
avg:136275
avgSize:7.05
0 	 198.378 	 816.96 	 6.95
^C
jenny@jenny-G50VT ~/docu/572/b $ a
Population Information: 
min:198.383
avg:1.10027e+08
avgSize:6.08
0 	 198.383 	 1158.95 	 6.15
^C
jenny@jenny-G50VT ~/docu/572/b $ a
Population Information: 
min:198.374
avg:1.95852e+07
avgSize:7.12
0 	 198.374 	 2166.59 	 7.09
^C
jenny@jenny-G50VT ~/docu/572/b $ a
Population Information: 
min:198.383
avg:82319.4
avgSize:8.45
0 	 198.383 	 1242.76 	 8.32
5000 	 198.383 	 198.383 	 5
10000 	 198.383 	 198.383 	 5
15000 	 198.383 	 198.383 	 5
20000 	 198.383 	 198.383 	 5
25000 	 198.383 	 198.383 	 5
30000 	 198.383 	 198.383 	 5
35000 	 198.383 	 198.383 	 5
^C
jenny@jenny-G50VT ~/docu/572/b $ a
Population Information: 
min:198.383
avg:12133.7
avgSize:6.59
0 	 198.383 	 685.469 	 6.46
5000 	 197.848 	 198.891 	 43
10000 	 196.751 	 196.947 	 64.53
15000 	 196.562 	 198.405 	 81
20000 	 196.53 	 196.558 	 81
^C
jenny@jenny-G50VT ~/docu/572/b $ a
Population Information: 
min:198.348
avg:63006.4
avgSize:6.53
0 	 198.348 	 3419.08 	 6.09
5000 	 198.116 	 199.929 	 8
10000 	 198.115 	 198.119 	 8
15000 	 138.586 	 146.378 	 273.32
^C
jenny@jenny-G50VT ~/docu/572/b $ a
Population Information: 
min:206.45
avg:176215
avgSize:7.96
0 	 206.45 	 14942.8 	 8.07
5000 	 143.185 	 145.15 	 58.08
10000 	 112.572 	 115.263 	 42.17
15000 	 107.667 	 108.476 	 35
20000 	 107.667 	 109.889 	 35
25000 	 107.667 	 107.667 	 35
30000 	 107.666 	 110.188 	 35
35000 	 107.573 	 108.65 	 32
40000 	 107.573 	 112.771 	 32
45000 	 107.571 	 111.149 	 31.63
50000 	 107.508 	 107.788 	 31
55000 	 107.466 	 110.048 	 31.18
60000 	 107.383 	 107.383 	 32
65000 	 107.383 	 110.547 	 32
70000 	 107.383 	 108.114 	 32
75000 	 106.994 	 107.622 	 32.05
80000 	 105.921 	 105.921 	 40
85000 	 105.912 	 106.101 	 40
90000 	 105.888 	 107.622 	 40
95000 	 105.888 	 106.474 	 40
100000 	 105.886 	 105.926 	 40
105000 	 101.599 	 102.952 	 40
110000 	 101.599 	 103.703 	 40
115000 	 101.599 	 102.789 	 40
120000 	 101.57 	 101.963 	 40
125000 	 101.57 	 104.405 	 40
130000 	 101.569 	 101.621 	 40
135000 	 101.569 	 102.518 	 40
140000 	 101.568 	 102.598 	 40
145000 	 101.568 	 103.789 	 40
150000 	 101.557 	 101.673 	 40
155000 	 101.557 	 103.424 	 40
160000 	 100.999 	 103.342 	 40.34
165000 	 100.958 	 101.131 	 40
170000 	 100.958 	 103.405 	 40
175000 	 100.958 	 103.004 	 40
180000 	 100.958 	 102.441 	 40
185000 	 100.958 	 103.774 	 40
190000 	 100.958 	 103.519 	 40
195000 	 100.958 	 104.565 	 40
200000 	 100.958 	 101.35 	 40
205000 	 100.958 	 103.131 	 40
210000 	 100.958 	 102.77 	 40
215000 	 100.958 	 101.149 	 40
220000 	 100.958 	 103.164 	 40
225000 	 100.958 	 103.243 	 40
230000 	 100.958 	 103.031 	 40
235000 	 100.958 	 102.752 	 40
240000 	 100.958 	 102.391 	 40
245000 	 100.958 	 102.15 	 40
250000 	 100.958 	 101.896 	 40
255000 	 100.958 	 101.321 	 40
260000 	 100.958 	 102.092 	 40
^C
jenny@jenny-G50VT ~/docu/572/b $ a
Population Information: 
min:198.383
avg:4850.9
avgSize:6.88
0 	 198.383 	 1800.84 	 6.8
5000 	 198.329 	 198.387 	 15
10000 	 132.453 	 135.72 	 51.32
15000 	 122.933 	 123.72 	 45
20000 	 80.8173 	 91.1466 	 62.94
25000 	 78.0548 	 78.5536 	 53
30000 	 75.5222 	 75.6681 	 53
35000 	 75.1145 	 77.223 	 53
40000 	 75.0251 	 75.8828 	 53
45000 	 75.0251 	 75.5426 	 53
50000 	 74.1405 	 74.7239 	 53
55000 	 73.587 	 75.1588 	 53
60000 	 73.587 	 75.5372 	 53
65000 	 73.587 	 76.2855 	 53
70000 	 73.5464 	 74.3246 	 53
75000 	 73.5464 	 74.8369 	 53
80000 	 73.5464 	 74.5519 	 53
85000 	 73.5464 	 74.5441 	 53
90000 	 73.5302 	 75.2872 	 53
95000 	 73.5302 	 73.6331 	 53
100000 	 73.5261 	 74.817 	 53
105000 	 73.5261 	 76.027 	 53
110000 	 73.5261 	 75.8656 	 53
115000 	 73.5261 	 74.6268 	 53
120000 	 73.5227 	 75.3747 	 53
125000 	 73.5227 	 74.8063 	 53
130000 	 73.5099 	 75.8196 	 53
135000 	 73.5099 	 74.1872 	 53
140000 	 73.4908 	 74.9162 	 53
145000 	 73.4908 	 75.0777 	 53
^C
jenny@jenny-G50VT ~/docu/572/b $ a
Population Information: 
min:198.383
avg:9.96846e+06
avgSize:6.6
0 	 198.383 	 723.382 	 6.61
5000 	 198.383 	 199.426 	 5
10000 	 198.383 	 198.383 	 5
15000 	 198.383 	 198.383 	 5
20000 	 198.383 	 198.383 	 5
25000 	 198.383 	 198.383 	 5
30000 	 198.383 	 198.383 	 5
35000 	 198.383 	 198.383 	 5
^C
jenny@jenny-G50VT ~/docu/572/b $ a
Population Information: 
min:198.199
avg:82868.6
avgSize:8.01
0 	 198.199 	 1473.48 	 8.14
^C
jenny@jenny-G50VT ~/docu/572/b $ a
Population Information: 
min:198.372
avg:653908
avgSize:6.11
0 	 198.372 	 1559.71 	 5.93
5000 	 185.573 	 185.691 	 94.47
^C
jenny@jenny-G50VT ~/docu/572/b $ a
Population Information: 
min:198.274
avg:468877
avgSize:6.66
0 	 198.274 	 4025.08 	 6.68
^C
jenny@jenny-G50VT ~/docu/572/b $ a
Population Information: 
min:198.383
avg:168623
avgSize:7.2
0 	 198.383 	 7351.84 	 7.28
5000 	 133.768 	 136.387 	 13
10000 	 133.545 	 133.707 	 13
15000 	 133.545 	 134.896 	 13
20000 	 133.545 	 135.731 	 13
25000 	 133.545 	 135.731 	 13
30000 	 133.545 	 143.713 	 13
35000 	 133.545 	 135.766 	 13
40000 	 133.545 	 135.731 	 13
45000 	 133.545 	 134.896 	 13
50000 	 133.545 	 135.497 	 13
55000 	 133.545 	 136.402 	 13
60000 	 133.545 	 135.495 	 13
65000 	 133.545 	 136.17 	 13
70000 	 133.545 	 136.17 	 13
75000 	 133.545 	 134.221 	 13
80000 	 133.545 	 136.033 	 13
85000 	 133.544 	 141.977 	 13
90000 	 133.544 	 135.626 	 13
95000 	 133.544 	 135.489 	 13
100000 	 133.544 	 133.544 	 13
105000 	 133.544 	 135.489 	 13
110000 	 133.544 	 134.623 	 13
115000 	 133.544 	 134.664 	 13
120000 	 133.544 	 136.164 	 13
125000 	 133.544 	 136.397 	 13
130000 	 133.544 	 134.623 	 13
135000 	 127.397 	 129.584 	 34.4
140000 	 124.334 	 126.956 	 45.2
145000 	 124.334 	 127.234 	 33
150000 	 124.334 	 124.565 	 33
155000 	 124.33 	 124.33 	 33
160000 	 67.2168 	 67.7248 	 43
165000 	 66.1089 	 68.1704 	 43
170000 	 66.1089 	 67.5854 	 43
175000 	 65.4693 	 68.1484 	 43
180000 	 61.0777 	 65.0963 	 51.4
185000 	 61.0777 	 62.6446 	 43
190000 	 61.0777 	 63.6551 	 43
195000 	 61.0777 	 64.9825 	 43
200000 	 61.0777 	 64.2469 	 43
205000 	 61.0777 	 61.8109 	 43
210000 	 61.0777 	 62.0176 	 43
215000 	 61.0777 	 62.6622 	 43
220000 	 61.0402 	 61.0404 	 43
225000 	 61.0181 	 64.5757 	 43
230000 	 61.0181 	 66.2082 	 43
235000 	 61.0181 	 61.976 	 43
240000 	 60.9991 	 61.4728 	 43
245000 	 60.9991 	 63.7328 	 43
250000 	 60.9991 	 61.4718 	 43
255000 	 60.9991 	 63.7328 	 43
260000 	 60.9991 	 62.8541 	 43
265000 	 60.9991 	 63.8815 	 43
270000 	 60.9991 	 65.9487 	 43
275000 	 60.9991 	 65.3605 	 43
280000 	 60.9991 	 63.1283 	 43
285000 	 60.9991 	 63.9612 	 43
290000 	 60.9991 	 66.5985 	 43
295000 	 60.9991 	 62.7555 	 43
300000 	 60.9991 	 66.4825 	 43
305000 	 60.9991 	 64.0402 	 43
310000 	 60.9991 	 64.171 	 43
315000 	 60.9991 	 64.0881 	 43
320000 	 60.9991 	 64.8098 	 43
325000 	 60.9991 	 63.0357 	 43
330000 	 60.9991 	 63.9203 	 43
335000 	 60.9991 	 64.0801 	 43
340000 	 60.9819 	 61.7259 	 43
345000 	 60.9819 	 61.4147 	 43
350000 	 60.9819 	 62.8008 	 43
355000 	 60.9814 	 62.386 	 43
360000 	 60.9814 	 62.6517 	 43
365000 	 60.9814 	 64.2155 	 43
370000 	 60.9814 	 61.91 	 43
375000 	 60.9814 	 64.8952 	 43
380000 	 60.9814 	 62.0975 	 43
385000 	 60.9814 	 62.56 	 43
390000 	 60.9805 	 64.1502 	 43
395000 	 60.9805 	 62.5177 	 43
400000 	 60.9805 	 65.0755 	 43
405000 	 60.9805 	 61.208 	 43
410000 	 60.9805 	 64.3202 	 43
415000 	 60.9777 	 63.8343 	 43
420000 	 60.9777 	 63.2595 	 43
425000 	 60.9777 	 63.6283 	 43
430000 	 60.9777 	 66.2166 	 43
435000 	 60.9777 	 63.1077 	 43
440000 	 60.9777 	 62.6449 	 43
445000 	 60.9777 	 63.2273 	 43
450000 	 60.9777 	 67.8677 	 43
455000 	 60.9777 	 64.227 	 43
460000 	 60.9777 	 63.6782 	 43
465000 	 60.9777 	 65.5544 	 43
470000 	 60.9777 	 65.2484 	 43
475000 	 60.9777 	 61.4404 	 43
^C
jenny@jenny-G50VT ~/docu/572/b $ a
Population Information: 
min:197.728
avg:307817
avgSize:6.39
0 	 197.728 	 37440.2 	 6.35
^C
jenny@jenny-G50VT ~/docu/572/b $ a
Population Information: 
min:198.114
avg:151938
avgSize:7.66
0 	 198.114 	 1515.27 	 7.45
5000 	 188.96 	 215.399 	 69.45
10000 	 186.963 	 187.287 	 63
15000 	 183.005 	 186.73 	 85.97
^C
jenny@jenny-G50VT ~/docu/572/b $ a
Population Information: 
min:198.147
avg:82017.2
avgSize:5.99
0 	 198.147 	 876.089 	 5.97
5000 	 175.577 	 177.792 	 25
10000 	 68.6155 	 73.7329 	 52.68
15000 	 66.5399 	 67.6435 	 33
20000 	 66.4914 	 67.8238 	 33
25000 	 66.4311 	 67.248 	 33
30000 	 66.4311 	 72.1819 	 33
35000 	 66.4311 	 69.9631 	 33
40000 	 66.4311 	 69.5757 	 33
45000 	 66.4311 	 68.3743 	 33
50000 	 66.4311 	 68.8819 	 33
55000 	 66.4311 	 72.2537 	 33
60000 	 66.431 	 72.2874 	 33
65000 	 66.431 	 67.7563 	 33
70000 	 66.4296 	 68.135 	 33
75000 	 66.4296 	 69.0608 	 33
80000 	 66.4284 	 71.6903 	 33
85000 	 66.4284 	 66.5716 	 33
90000 	 66.4284 	 68.0335 	 33
95000 	 66.3967 	 69.7472 	 33
100000 	 66.3967 	 69.6773 	 33
105000 	 66.3967 	 71.0404 	 33
110000 	 66.3967 	 72.4276 	 33
115000 	 66.3967 	 70.0464 	 33
120000 	 66.3967 	 67.6423 	 33
125000 	 66.3967 	 66.3966 	 33
130000 	 64.8995 	 65.0619 	 43
135000 	 64.7992 	 66.6392 	 43
140000 	 64.7992 	 68.7016 	 43
145000 	 64.6141 	 66.1826 	 43
150000 	 64.6141 	 68.8975 	 43
155000 	 64.6141 	 65.4394 	 43
160000 	 64.61 	 66.1194 	 43
165000 	 64.61 	 65.9027 	 43
170000 	 64.61 	 64.8589 	 43
175000 	 64.61 	 67.6227 	 43
180000 	 64.61 	 66.4568 	 43
185000 	 64.61 	 65.7425 	 43
190000 	 64.61 	 64.6113 	 43
195000 	 64.61 	 66.1176 	 43
200000 	 64.6098 	 66.4034 	 43
205000 	 64.6098 	 67.5922 	 43
210000 	 64.6098 	 66.1406 	 43
215000 	 64.6098 	 64.6098 	 43
220000 	 64.6098 	 64.9498 	 43
^C
jenny@jenny-G50VT ~/docu/572/b $ a
Population Information: 
min:198.083
avg:207480
avgSize:6.11
0 	 198.083 	 689.535 	 6.19
^C
jenny@jenny-G50VT ~/docu/572/b $ a
Population Information: 
min:198.318
avg:102103
avgSize:6.99
0 	 198.318 	 1612.83 	 6.76
5000 	 196.56 	 196.625 	 13
10000 	 194.926 	 195.044 	 23
15000 	 125.561 	 130.322 	 52.9
20000 	 103.164 	 103.433 	 36.9
25000 	 102.975 	 104.76 	 33
30000 	 97.5867 	 101.514 	 33
35000 	 97.5717 	 104.592 	 33
40000 	 97.5654 	 99.9321 	 33
45000 	 97.5654 	 100.54 	 33
50000 	 94.2788 	 97.516 	 43
55000 	 92.0968 	 94.5665 	 45.9
60000 	 84.8149 	 88.2182 	 53
65000 	 84.8149 	 85.4925 	 53
70000 	 84.2016 	 85.7238 	 53
75000 	 84.1255 	 87.676 	 53
80000 	 84.1255 	 89.2409 	 53
85000 	 83.9747 	 84.421 	 53
90000 	 73.854 	 75.8974 	 58.4
95000 	 60.7963 	 61.6852 	 64.9
100000 	 55.9332 	 60.3339 	 63
105000 	 55.4406 	 75.2819 	 63
110000 	 55.4397 	 60.3952 	 63
115000 	 55.4397 	 55.9707 	 63
120000 	 55.3456 	 59.4653 	 63
125000 	 54.3419 	 59.29 	 63
130000 	 53.9585 	 54.6589 	 63
135000 	 53.7446 	 59.4506 	 63
140000 	 53.389 	 53.5214 	 63
145000 	 53.389 	 53.8856 	 63
150000 	 53.389 	 56.7086 	 63
155000 	 53.389 	 53.5426 	 63
160000 	 53.389 	 56.2442 	 63
165000 	 53.3656 	 56.663 	 63
170000 	 53.362 	 53.6324 	 63
175000 	 53.362 	 53.362 	 63
180000 	 53.362 	 54.8372 	 63
185000 	 53.3606 	 53.6887 	 63
190000 	 53.3606 	 56.5853 	 63
195000 	 53.3508 	 55.1688 	 63
200000 	 53.3494 	 56.5181 	 63
205000 	 53.3494 	 57.1922 	 63
210000 	 53.3494 	 58.0089 	 63
215000 	 53.3494 	 58.9203 	 63
220000 	 53.3418 	 55.8608 	 63
225000 	 53.3418 	 57.3419 	 63
230000 	 53.3418 	 57.5581 	 63
235000 	 53.3418 	 59.8763 	 63
240000 	 53.3418 	 55.6578 	 63
245000 	 53.3418 	 56.7671 	 63
250000 	 53.3418 	 54.8724 	 63
255000 	 53.3418 	 55.8572 	 63
260000 	 53.3418 	 56.3636 	 63
265000 	 53.3418 	 54.0504 	 63
270000 	 53.3418 	 55.8572 	 63
275000 	 53.3418 	 55.318 	 63
280000 	 53.3418 	 58.8783 	 63
285000 	 53.3418 	 55.7528 	 63
290000 	 53.3418 	 54.2352 	 63
295000 	 53.3418 	 54.9534 	 63
300000 	 53.3418 	 59.8071 	 63
305000 	 53.3407 	 59.806 	 63
310000 	 53.3407 	 55.2615 	 63
315000 	 53.3407 	 57.139 	 63
320000 	 53.3407 	 56.443 	 63
325000 	 53.3407 	 53.5834 	 63
330000 	 53.3278 	 54.5784 	 63
335000 	 53.3278 	 53.7762 	 63
340000 	 53.3278 	 58.8741 	 63
345000 	 53.3278 	 54.6286 	 63
350000 	 53.3278 	 59.0619 	 63
355000 	 53.3278 	 56.9695 	 63
360000 	 53.3278 	 53.8088 	 63
365000 	 53.3278 	 55.0599 	 63
370000 	 52.8877 	 55.2884 	 63
375000 	 52.8877 	 53.6637 	 63
380000 	 52.8848 	 55.7083 	 63
385000 	 52.8848 	 56.2443 	 63
390000 	 52.8848 	 52.8848 	 63
395000 	 52.803 	 56.3411 	 63
400000 	 52.803 	 55.9543 	 63
405000 	 52.803 	 59.1162 	 63
410000 	 52.6924 	 53.3945 	 63
415000 	 52.4951 	 52.7587 	 63
420000 	 52.4951 	 58.0627 	 63
425000 	 52.4951 	 56.1674 	 63
430000 	 52.2873 	 52.2873 	 63
435000 	 52.2873 	 53.2367 	 63
440000 	 52.2873 	 66.1145 	 63
445000 	 52.2873 	 56.4585 	 63
450000 	 52.2873 	 55.7496 	 63
455000 	 52.2873 	 52.9259 	 63
460000 	 52.2873 	 52.6624 	 63
465000 	 52.2871 	 53.9716 	 63
470000 	 52.2871 	 58.7735 	 63
475000 	 52.2871 	 54.6392 	 63
480000 	 52.2871 	 54.0101 	 63
485000 	 52.2871 	 57.1872 	 63
490000 	 52.1216 	 54.1407 	 63
495000 	 51.7648 	 56.3403 	 63
500000 	 51.7648 	 55.1037 	 63
505000 	 51.7648 	 55.1034 	 63
510000 	 51.7648 	 57.6572 	 63
515000 	 51.7533 	 55.2397 	 63
520000 	 51.7533 	 57.1245 	 63
525000 	 51.7533 	 51.7534 	 63
530000 	 51.7533 	 52.352 	 63
535000 	 51.7533 	 57.9756 	 63
540000 	 51.7456 	 53.8988 	 63
545000 	 51.7369 	 53.6626 	 63
550000 	 51.7369 	 52.9513 	 63
555000 	 51.7369 	 56.2828 	 63
560000 	 51.7369 	 59.2468 	 63
565000 	 51.7369 	 54.5909 	 63
570000 	 51.7369 	 53.9391 	 63
575000 	 51.7369 	 53.927 	 63
580000 	 51.7369 	 58.9809 	 63
585000 	 51.7369 	 54.9109 	 63
590000 	 51.7369 	 54.4979 	 63
595000 	 51.7369 	 56.4421 	 63
600000 	 51.7366 	 55.1713 	 63
605000 	 51.7366 	 55.2913 	 63
610000 	 51.7366 	 52.016 	 63
615000 	 51.7366 	 55.3995 	 63
620000 	 51.7366 	 51.9581 	 63
625000 	 51.7366 	 54.0754 	 63
630000 	 51.7366 	 55.2313 	 63
635000 	 51.7366 	 54.9107 	 63
640000 	 51.7366 	 57.1257 	 63
645000 	 51.7366 	 57.3118 	 63
650000 	 51.7366 	 55.3908 	 63
655000 	 51.7366 	 54.5886 	 63
660000 	 51.7366 	 52.1594 	 63
terminate called after throwing an instance of 'St9bad_alloc'
  what():  std::bad_alloc
Aborted
jenny@jenny-G50VT ~/docu/572/b $ 


					-1.47336  
		*  
			14.8379  
			-3.4557  
	/  
		X  
		-1.47336  

popu[9]:  Size: 53 Fitness: 64.1638
F  
	*  
		12.4012  
		-2.71296  
	-  
		X  
		-2.43917  
	F  
		*  
			10.8305  
			-1.47336  
		F  
			*  
				12.4012  
				-2.71296  
			+  
				X  
				-3.49103  
			+  
				X  
				-0.325515  
			/  
				X  
				-1.47336  
		F  
			/  
				X  
				-0.325515  
			/  
				X  
				-1.47336  
			+  
				X  
				-0.325515  
			F  
				*  
					10.032  
					-1.47336  
				+  
					X  
					-1.47336  
				-  
					X  
					-3.49103  
				*  
					13.7036  
					-1.47336  
		*  
			14.8379  
			-3.4557  
	/  
		X  
		-1.47336  



popu[5]:  Size: 53 Fitness: 64.1638
F  
	*  
		12.4012  
		-2.71296  
	-  
		X  
		-2.43917  
	F  
		*  
			10.8305  
			-1.47336  
		F  
			*  
				12.4012  
				-2.71296  
			+  
				X  
				-3.49103  
			+  
				X  
				-0.325515  
			*  
				-0.111503  
				7.07735  
		F  
			/  
				X  
				-0.325515  
			-  
				X  
				-2.43917  
			+  
				X  
				-0.325515  
			F  
				*  
					10.032  
					-1.47336  
				+  
					X  
					-1.47336  
				-  
					X  
					-3.49103  
				*  
					13.7036  
					-1.47336  
		*  
			14.8379  
			-3.4557  
	/  
		X  
		-1.47336  

popu[9]:  Size: 53 Fitness: 64.1638
F  
	*  
		12.4012  
		-2.71296  
	-  
		X  
		-2.43917  
	F  
		*  
			10.8305  
			-1.47336  
		F  
			*  
				12.4012  
				-2.71296  
			+  
				X  
				-3.49103  
			+  
				X  
				-0.325515  
			/  
				X  
				-1.47336  
		F  
			/  
				X  
				-0.325515  
			/  
				X  
				-1.47336  
			+  
				X  
				-0.325515  
			F  
				*  
					10.032  
					-1.47336  
				+  
					X  
					-1.47336  
				-  
					X  
					-3.49103  
				*  
					13.7036  
					-1.47336  
		*  
			14.8379  
			-3.4557  
	/  
		X  
		-1.47336  



popu[5]:  Size: 53 Fitness: 64.1638
F  
	*  
		12.4012  
		-2.71296  
	-  
		X  
		-2.43917  
	F  
		*  
			10.8305  
			-1.47336  
		F  
			*  
				12.4012  
				-2.71296  
			+  
				X  
				-3.49103  
			+  
				X  
				-0.325515  
			*  
				-0.111503  
				7.07735  
		F  
			/  
				X  
				-0.325515  
			-  
				X  
				-2.43917  
			+  
				X  
				-0.325515  
			F  
				*  
					10.032  
					-1.47336  
				+  
					X  
					-1.47336  
				-  
					X  
					-3.49103  
				*  
					13.7036  
					-1.47336  
		*  
			14.8379  
			-3.4557  
	/  
		X  
		-1.47336  

popu[9]:  Size: 53 Fitness: 64.1638
F  
	*  
		12.4012  
		-2.71296  
	-  
		X  
		-2.43917  
	F  
		*  
			10.8305  
			-1.47336  
		F  
			*  
				12.4012  
				-2.71296  
			+  
				X  
				-3.49103  
			+  
				X  
				-0.325515  
			/  
				X  
				-1.47336  
		F  
			/  
				X  
				-0.325515  
			/  
				X  
				-1.47336  
			+  
				X  
				-0.325515  
			F  
				*  
					10.032  
					-1.47336  
				+  
					X  
					-1.47336  
				-  
					X  
					-3.49103  
				*  
					13.7036  
					-1.47336  
		*  
			14.8379  
			-3.4557  
	/  
		X  
		-1.47336  



popu[5]:  Size: 53 Fitness: 64.1638
F  
	*  
		12.4012  
		-2.71296  
	-  
		X  
		-2.43917  
	F  
		*  
			10.8305  
			-1.47336  
		F  
			*  
				12.4012  
				-2.71296  
			+  
				X  
				-3.49103  
			+  
				X  
				-0.325515  
			*  
				-0.111503  
				7.07735  
		F  
			/  
				X  
				-0.325515  
			-  
				X  
				-2.43917  
			+  
				X  
				-0.325515  
			F  
				*  
					10.032  
					-1.47336  
				+  
					X  
					-1.47336  
				-  
					X  
					-3.49103  
				*  
					13.7036  
					-1.47336  
		*  
			14.8379  
			-3.4557  
	/  
		X  
		-1.47336  

popu[9]:  Size: 53 Fitness: 64.1638
F  
	*  
		12.4012  
		-2.71296  
	-  
		X  
		-2.43917  
	F  
		*  
			10.8305  
			-1.47336  
		F  
			*  
				12.4012  
				-2.71296  
			+  
				X  
				-3.49103  
			+  
				X  
				-0.325515  
			/  
				X  
				-1.47336  
		F  
			/  
				X  
				-0.325515  
			/  
				X  
				-1.47336  
			+  
				X  
				-0.325515  
			F  
				*  
					10.032  
					-1.47336  
				+  
					X  
					-1.47336  
				-  
					X  
					-3.49103  
				*  
					13.7036  
					-1.47336  
		*  
			14.8379  
			-3.4557  
	/  
		X  
		-1.47336  



popu[5]:  Size: 53 Fitness: 64.1638
F  
	*  
		12.4012  
		-2.71296  
	-  
		X  
		-2.43917  
	F  
		*  
			10.8305  
			-1.47336  
		F  
			*  
				12.4012  
				-2.71296  
			+  
				X  
				-3.49103  
			+  
				X  
				-0.325515  
			*  
				-0.111503  
				7.07735  
		F  
			/  
				X  
				-0.325515  
			-  
				X  
				-2.43917  
			+  
				X  
				-0.325515  
			F  
				*  
					10.032  
					-1.47336  
				+  
					X  
					-1.47336  
				-  
					X  
					-3.49103  
				*  
					13.7036  
					-1.47336  
		*  
			14.8379  
			-3.4557  
	/  
		X  
		-1.47336  

popu[9]:  Size: 53 Fitness: 64.1638
F  
	*  
		12.4012  
		-2.71296  
	-  
		X  
		-2.43917  
	F  
		*  
			10.8305  
			-1.47336  
		F  
			*  
				12.4012  
				-2.71296  
			+  
				X  
				-3.49103  
			+  
				X  
				-0.325515  
			/  
				X  
				-1.47336  
		F  
			/  
				X  
				-0.325515  
			/  
				X  
				-1.47336  
			+  
				X  
				-0.325515  
			F  
				*  
					10.032  
					-1.47336  
				+  
					X  
					-1.47336  
				-  
					X  
					-3.49103  
				*  
					13.7036  
					-1.47336  
		*  
			14.8379  
			-3.4557  
	/  
		X  
		-1.47336  
^C
jenny@jenny-G50VT ~/docu/572/b $ 


  
												14.0977  
												P  
												/  
												X  
												10.6006  
												X  
										P  
											/  
												X  
												14.0977  
									P  
										/  
											X  
											10.6156  
								P  
									/  
										X  
										14.0977  
							P  
								/  
									X  
									14.0977  
						P  
							/  
								X  
								14.0977  
				/  
					X  
					14.0977  
			P  
				/  
					X  
					12.0115  
		/  
			X  
			10.6006  
	P  
		/  
			X  
			14.0977  

popu[13]:  Size: 108 Fitness: 56.8654
+  
	-  
		+  
			-  
				+  
					+  
						+  
							+  
								+  
									+  
										+  
											+  
												+  
												*  
												-  
												*  
												+  
												+  
												-  
												-  
												X  
												14.0977  
												P  
												/  
												X  
												10.6156  
												/  
												-0.983722  
												0.225644  
												+  
												+  
												-  
												X  
												3.63325  
												P  
												/  
												X  
												14.0977  
												X  
												/  
												X  
												14.0977  
												/  
												X  
												14.0977  
												/  
												X  
												14.0977  
												P  
												/  
												X  
												14.0977  
												P  
												/  
												X  
												14.0977  
												P  
												/  
												X  
												10.6006  
												X  
										P  
											/  
												X  
												14.0977  
									P  
										/  
											X  
											10.6156  
								P  
									/  
										X  
										14.0977  
							P  
								/  
									X  
									14.0977  
						P  
							/  
								X  
								14.0977  
				/  
					X  
					14.0977  
			P  
				/  
					X  
					12.0115  
		/  
			X  
			10.6006  
	P  
		/  
			X  
			14.0977  

popu[63]:  Size: 108 Fitness: 56.8654
+  
	-  
		+  
			-  
				+  
					+  
						+  
							+  
								+  
									+  
										+  
											+  
												+  
												*  
												-  
												*  
												+  
												+  
												-  
												-  
												X  
												14.0977  
												P  
												/  
												X  
												10.6156  
												/  
												-0.983722  
												0.225644  
												+  
												+  
												-  
												X  
												3.63325  
												P  
												/  
												X  
												14.0977  
												X  
												/  
												X  
												14.0977  
												/  
												X  
												14.0977  
												/  
												X  
												14.0977  
												P  
												/  
												X  
												14.0977  
												P  
												/  
												X  
												14.0977  
												P  
												/  
												X  
												10.6006  
												X  
										P  
											/  
												X  
												14.0977  
									P  
										/  
											X  
											10.6156  
								P  
									/  
										X  
										14.0977  
							P  
								/  
									X  
									14.0977  
						P  
							/  
								X  
								14.0977  
				/  
					X  
					14.0977  
			P  
				/  
					X  
					12.0115  
		/  
			X  
			10.6006  
	P  
		/  
			X  
			14.0977  



popu[7]:  Size: 108 Fitness: 56.8654
+  
	-  
		+  
			-  
				+  
					+  
						+  
							+  
								+  
									+  
										+  
											+  
												+  
												*  
												-  
												*  
												+  
												+  
												-  
												-  
												X  
												14.0977  
												P  
												/  
												X  
												10.6156  
												/  
												-0.983722  
												0.225644  
												+  
												+  
												-  
												X  
												3.63325  
												P  
												/  
												X  
												14.0977  
												X  
												/  
												X  
												14.0977  
												/  
												X  
												14.0977  
												/  
												X  
												14.0977  
												P  
												/  
												X  
												14.0977  
												P  
												/  
												X  
												14.0977  
												P  
												/  
												X  
												10.6006  
												X  
										P  
											/  
												X  
												14.0977  
									P  
										/  
											X  
											10.6156  
								P  
									/  
										X  
										14.0977  
							P  
								/  
									X  
									14.0977  
						P  
							/  
								X  
								14.0977  
				/  
					X  
					14.0977  
			P  
				/  
					X  
					12.0115  
		/  
			X  
			10.6006  
	P  
		/  
			X  
			14.0977  
^C
jenny@jenny-G50VT ~/docu/572/b $ 



g++ -c node.cpp
g++ test.cpp population.o individual.o node.o
jenny@jenny-G50VT ~/docu/572/b $ a
Population Information: 
min:198.383
avg:10860.7
avgSize:6.67
0 	 198.383 	 1192.83 	 6.63
5000 	 85.726 	 92.3685 	 41.2
10000 	 69.4336 	 72.9424 	 33
15000 	 69.4026 	 70.6638 	 33
20000 	 67.8345 	 72.5022 	 33.1
25000 	 64.1919 	 65.6366 	 43
30000 	 64.1919 	 69.0239 	 43
35000 	 64.1919 	 68.1949 	 43
40000 	 63.678 	 64.1374 	 43
45000 	 63.5926 	 68.9662 	 43
50000 	 63.5845 	 65.331 	 43
55000 	 63.5845 	 65.3248 	 43
60000 	 63.5845 	 63.7491 	 43
65000 	 63.5845 	 68.5777 	 43
70000 	 63.5845 	 65.2258 	 43
75000 	 63.5845 	 65.758 	 43
80000 	 63.5829 	 65.071 	 43
85000 	 63.5829 	 68.2449 	 43
90000 	 63.5829 	 65.3839 	 43
95000 	 63.5829 	 69.0204 	 43
100000 	 63.5829 	 65.4434 	 43
105000 	 63.5829 	 64.4674 	 43
110000 	 63.5829 	 63.5829 	 43
115000 	 63.5829 	 65.0913 	 43
120000 	 63.5829 	 68.5249 	 43
125000 	 63.5829 	 67.1456 	 43
130000 	 63.5829 	 64.5207 	 43
135000 	 63.5829 	 63.9006 	 43
140000 	 63.5815 	 67.755 	 43
145000 	 63.5767 	 64.9292 	 43
150000 	 63.5767 	 64.2897 	 43
155000 	 63.5767 	 63.933 	 43
160000 	 63.5767 	 65.0727 	 43
165000 	 63.5767 	 64.3137 	 43
170000 	 63.5767 	 66.4971 	 43
175000 	 63.5767 	 65.0497 	 43
180000 	 63.5767 	 66.328 	 43
185000 	 63.5767 	 65.0314 	 43
190000 	 63.5767 	 64.4869 	 43
195000 	 63.5767 	 64.6983 	 43
200000 	 63.5767 	 66.961 	 43
205000 	 63.5767 	 68.9775 	 43
210000 	 63.5767 	 63.9329 	 43
215000 	 63.5767 	 65.2515 	 43
220000 	 63.5767 	 66.6025 	 43
225000 	 63.5767 	 64.2015 	 43
230000 	 63.5767 	 63.5767 	 43
235000 	 63.5767 	 64.3331 	 43
240000 	 63.5767 	 64.7158 	 43
^C
jenny@jenny-G50VT ~/docu/572/b $ a
Population Information: 
min:198.383
avg:31904.4
avgSize:7.02
0 	 198.383 	 1408.64 	 6.89
^C
jenny@jenny-G50VT ~/docu/572/b $ mc
\rm *.o *~ a.out
rm: cannot remove ‘*~’: No such file or directory
make: *** [clean] Error 1
jenny@jenny-G50VT ~/docu/572/b $ m
g++ -c population.cpp
g++ -c individual.cpp
g++ -c node.cpp
g++ test.cpp population.o individual.o node.o
jenny@jenny-G50VT ~/docu/572/b $ a
Population Information: 
min:198.113
avg:12179.9
avgSize:6.77
0 	 198.113 	 726.268 	 6.86
5000 	 181.786 	 184.054 	 146.26
^C
jenny@jenny-G50VT ~/docu/572/b $ a
Population Information: 
min:198.383
avg:1.65784e+08
avgSize:7.25
0 	 198.383 	 41389.3 	 7.11
5000 	 198.127 	 199.726 	 3
10000 	 197.894 	 199.494 	 3
15000 	 197.894 	 199.494 	 3
20000 	 197.894 	 197.894 	 3
25000 	 197.894 	 197.894 	 3
30000 	 197.894 	 197.894 	 3
^C
jenny@jenny-G50VT ~/docu/572/b $ a
Population Information: 
min:200.726
avg:2077.7
avgSize:6.36
0 	 200.726 	 1405.09 	 6.36
5000 	 198.383 	 198.383 	 5
10000 	 198.383 	 198.383 	 5
15000 	 198.383 	 198.383 	 5
20000 	 198.383 	 198.383 	 5
25000 	 198.383 	 198.383 	 5
30000 	 198.383 	 198.383 	 5
^C
jenny@jenny-G50VT ~/docu/572/b $ mc
\rm *.o *~ a.out
rm: cannot remove ‘*~’: No such file or directory
make: *** [clean] Error 1
jenny@jenny-G50VT ~/docu/572/b $ m
g++ -c population.cpp
g++ -c individual.cpp
g++ -c node.cpp
g++ test.cpp population.o individual.o node.o
jenny@jenny-G50VT ~/docu/572/b $ a
Population Information: 
min:198.383
avg:162629
avgSize:7.31
0 	 198.383 	 1357.44 	 7.28
5000 	 197.034 	 198.352 	 12
10000 	 197.034 	 197.868 	 12
15000 	 197.034 	 197.034 	 12
20000 	 197.034 	 197.034 	 12
25000 	 197.034 	 197.927 	 12
^C
jenny@jenny-G50VT ~/docu/572/b $ a
Population Information: 
min:198.101
avg:1076.99
avgSize:6.68
0 	 198.101 	 913.173 	 6.76
5000 	 197.476 	 199.046 	 19
10000 	 197.468 	 202.258 	 19
15000 	 197.468 	 197.468 	 19
^C
jenny@jenny-G50VT ~/docu/572/b $ a
Population Information: 
min:198.379
avg:108775
avgSize:7.12
0 	 198.379 	 2340.34 	 7.09
5000 	 197.944 	 199.172 	 15
10000 	 197.944 	 199.989 	 15
15000 	 197.943 	 199.159 	 15
20000 	 197.943 	 199.159 	 15
25000 	 197.879 	 199.549 	 18
^C
jenny@jenny-G50VT ~/docu/572/b $ mc
\rm *.o *~ a.out
rm: cannot remove ‘*~’: No such file or directory
make: *** [clean] Error 1
jenny@jenny-G50VT ~/docu/572/b $ m
g++ -c population.cpp
g++ -c individual.cpp
g++ -c node.cpp
g++ test.cpp population.o individual.o node.o
jenny@jenny-G50VT ~/docu/572/b $ a
Population Information: 
min:198.376
avg:824.486
avgSize:6.25
0 	 198.376 	 698.996 	 6.44
5000 	 144.124 	 145.726 	 66
10000 	 140.813 	 141.588 	 73.74
15000 	 140.789 	 143.55 	 72
20000 	 137.442 	 137.751 	 116.1
25000 	 136.889 	 137.497 	 102
30000 	 136.546 	 137.816 	 96
35000 	 136.514 	 138.059 	 96
40000 	 136.507 	 138.554 	 96
^C
jenny@jenny-G50VT ~/docu/572/b $ mc
\rm *.o *~ a.out
rm: cannot remove ‘*~’: No such file or directory
make: *** [clean] Error 1
jenny@jenny-G50VT ~/docu/572/b $ m
g++ -c population.cpp
g++ -c individual.cpp
g++ -c node.cpp
g++ test.cpp population.o individual.o node.o
jenny@jenny-G50VT ~/docu/572/b $ a
Population Information: 
min:198.467
avg:37750.4
avgSize:6.61
0 	 198.467 	 3065.48 	 6.44
5000 	 173.945 	 175.874 	 54.8
10000 	 170.699 	 172.887 	 69.41
15000 	 170.672 	 173.003 	 74
^C
jenny@jenny-G50VT ~/docu/572/b $ a
Population Information: 
min:198.383
avg:8688.97
avgSize:6.5
0 	 198.383 	 1076.56 	 6.35
^C
jenny@jenny-G50VT ~/docu/572/b $ mc
\rm *.o *~ a.out
rm: cannot remove ‘*~’: No such file or directory
make: *** [clean] Error 1
jenny@jenny-G50VT ~/docu/572/b $ m
g++ -c population.cpp
g++ -c individual.cpp
g++ -c node.cpp
g++ test.cpp population.o individual.o node.o
jenny@jenny-G50VT ~/docu/572/b $ a
Population Information: 
min:198.383
avg:94316.6
avgSize:7.14
0 	 198.383 	 1083.41 	 7.24
^C
jenny@jenny-G50VT ~/docu/572/b $ a
Population Information: 
min:197.757
avg:89744.5
avgSize:7.24
0 	 197.757 	 3521.73 	 7.24
^C
jenny@jenny-G50VT ~/docu/572/b $ mc
\rm *.o *~ a.out
rm: cannot remove ‘*~’: No such file or directory
make: *** [clean] Error 1
jenny@jenny-G50VT ~/docu/572/b $ m
g++ -c population.cpp
g++ -c individual.cpp
g++ -c node.cpp
g++ test.cpp population.o individual.o node.o
jenny@jenny-G50VT ~/docu/572/b $ a
Population Information: 
min:198.383
avg:64776.1
avgSize:6.77
0 	 198.383 	 4362.75 	 6.54
5000 	 198.383 	 198.383 	 5
10000 	 198.383 	 198.383 	 5
15000 	 198.383 	 198.383 	 5
20000 	 198.383 	 198.383 	 5
25000 	 198.383 	 198.383 	 5
30000 	 198.383 	 198.383 	 5
35000 	 198.383 	 198.383 	 5
^C
jenny@jenny-G50VT ~/docu/572/b $ a
Population Information: 
min:197.927
avg:83233.8
avgSize:6.01
0 	 197.927 	 1021.41 	 5.96
5000 	 197.663 	 199.265 	 6
10000 	 197.663 	 199.257 	 6
15000 	 197.643 	 198.158 	 11
20000 	 197.643 	 197.644 	 11
^C
jenny@jenny-G50VT ~/docu/572/b $ mc
\rm *.o *~ a.out
rm: cannot remove ‘*~’: No such file or directory
make: *** [clean] Error 1
jenny@jenny-G50VT ~/docu/572/b $ m
g++ -c population.cpp
g++ -c individual.cpp
g++ -c node.cpp
g++ test.cpp population.o individual.o node.o
jenny@jenny-G50VT ~/docu/572/b $ a
Population Information: 
min:198.131
avg:118099
avgSize:6.14
0 	 198.131 	 919.099 	 6.09
5000 	 197.134 	 198.75 	 15
10000 	 197.134 	 198.739 	 15
^C
jenny@jenny-G50VT ~/docu/572/b $ a
Population Information: 
min:199.75
avg:88150.3
avgSize:7.73
0 	 199.75 	 9534.56 	 7.92
5000 	 126.612 	 134.788 	 137.66
10000 	 96.6312 	 114.659 	 130.89
15000 	 83.3599 	 90.1054 	 168.54
^C
jenny@jenny-G50VT ~/docu/572/b $ mc
\rm *.o *~ a.out
rm: cannot remove ‘*~’: No such file or directory
make: *** [clean] Error 1
jenny@jenny-G50VT ~/docu/572/b $ mc
\rm *.o *~ a.out
rm: cannot remove ‘*.o’: No such file or directory
rm: cannot remove ‘*~’: No such file or directory
rm: cannot remove ‘a.out’: No such file or directory
make: *** [clean] Error 1
jenny@jenny-G50VT ~/docu/572/b $ m
g++ -c population.cpp
g++ -c individual.cpp
g++ -c node.cpp
g++ test.cpp population.o individual.o node.o
jenny@jenny-G50VT ~/docu/572/b $ a
Population Information: 
min:198.372
avg:163256
avgSize:6.73
0 	 198.372 	 1983.98 	 6.69
200 	 198.001 	 199.053 	 18.89
400 	 192.397 	 195.131 	 49.98
600 	 190.872 	 191.814 	 75.35
800 	 188.676 	 189.685 	 94.83
1000 	 170.18 	 184.646 	 99.35
1200 	 103.476 	 142.93 	 93.9
1400 	 101.459 	 104.963 	 88.87
1600 	 97.43 	 101.348 	 107.97
1800 	 96.3842 	 99.7423 	 108.26
2000 	 94.6988 	 98.7184 	 102.25
2200 	 93.2557 	 98.882 	 132.43
2400 	 92.2224 	 93.644 	 144.11
2600 	 91.6153 	 93.9536 	 140.9
2800 	 90.9168 	 94.8316 	 135.37
3000 	 90.2491 	 95.5253 	 130.87
3200 	 90.1417 	 91.2117 	 127.6
3400 	 90.0334 	 90.6447 	 124.21
3600 	 89.3032 	 91.6713 	 120.82
3800 	 89.1074 	 93.0115 	 121.95
4000 	 88.753 	 92.4003 	 122.19
4200 	 87.9841 	 91.2929 	 122.08
4400 	 86.8874 	 89.5109 	 121.22
4600 	 86.626 	 88.7666 	 113.49
4800 	 86.626 	 91.222 	 118.98
5000 	 86.3757 	 89.8001 	 134.17
5200 	 86.2479 	 87.7674 	 135.81
5400 	 85.9876 	 86.4603 	 135.25
5600 	 85.1298 	 89.4269 	 133.73
5800 	 85.1298 	 86.148 	 132.67
6000 	 83.8254 	 87.6844 	 128.77
6200 	 81.731 	 2693.17 	 125.65
6400 	 79.9689 	 86.2733 	 123.31
6600 	 79.9689 	 188.493 	 122.14
6800 	 78.8709 	 83.014 	 125.4
7000 	 78.3456 	 79.2162 	 132.03
7200 	 78.3456 	 309.025 	 133.55
7400 	 78.3456 	 80.4911 	 132.85
7600 	 77.809 	 78.7339 	 132.33
7800 	 77.809 	 158.562 	 130.35
8000 	 77.5272 	 106.977 	 128.29
8200 	 77.5272 	 80.9923 	 127.17
8400 	 77.3877 	 132.607 	 127.38
8600 	 77.0332 	 79.5862 	 130.03
8800 	 77.0332 	 79.0291 	 132.46
9000 	 76.8911 	 77.4226 	 134.11
9200 	 75.5167 	 77.2976 	 133.86
9400 	 75.5167 	 80.1028 	 133.12
9600 	 75.5167 	 78.5693 	 131.5
9800 	 75.4325 	 79.6391 	 128.52
10000 	 74.0891 	 75.6581 	 125.93
10200 	 74.0891 	 78.0276 	 124.66
10400 	 73.1306 	 76.6273 	 123.98
10600 	 72.8306 	 75.7648 	 123.06
10800 	 72.7978 	 76.7382 	 120.61
11000 	 72.716 	 74.481 	 118.18
11200 	 72.035 	 73.038 	 116.86
11400 	 71.9628 	 72.8789 	 113.38
11600 	 71.9379 	 76.1931 	 110.21
11800 	 71.7664 	 75.9415 	 108.23
12000 	 71.5518 	 72.3605 	 108.01
12200 	 71.5518 	 75.4656 	 107.74
12400 	 71.3815 	 73.7891 	 106.38
12600 	 71.3815 	 115.995 	 104.34
12800 	 71.3815 	 74.2835 	 101.98
13000 	 71.3815 	 78.6696 	 101.16
13200 	 71.3815 	 71.6269 	 99.43
13400 	 71.0843 	 73.0277 	 99.24
13600 	 71.0843 	 141.247 	 99.15
13800 	 70.8366 	 71.4244 	 99.05
14000 	 70.8366 	 71.5726 	 99.12
14200 	 70.8366 	 747.172 	 99.39
14400 	 70.8366 	 98.0097 	 100.73
14600 	 70.8366 	 74.14 	 101.28
14800 	 70.8366 	 75.7579 	 102.29
15000 	 70.5243 	 995.174 	 103.4
15200 	 70.5243 	 72.902 	 103.99
15400 	 69.8495 	 72.4098 	 102.91
15600 	 69.8495 	 72.6698 	 102.18
15800 	 69.8495 	 73.5506 	 100.88
16000 	 69.7784 	 77.9898 	 98.84
16200 	 69.7784 	 105.728 	 96.49
16400 	 69.7784 	 71.7484 	 95.25
16600 	 69.6348 	 191.339 	 95.24
16800 	 69.6348 	 74.4636 	 94.87
17000 	 69.6348 	 218.293 	 94.91
17200 	 69.6348 	 89.1788 	 95.44
17400 	 69.5981 	 78.0091 	 96.26
17600 	 69.3287 	 72.1089 	 96.78
17800 	 69.3287 	 71.8553 	 97.82
18000 	 69.3009 	 71.85 	 99.12
18200 	 69.3009 	 201.846 	 99.66
18400 	 69.3009 	 140617 	 99.55
18600 	 69.3009 	 72.7556 	 99.39
18800 	 69.3009 	 69.5048 	 99.3
19000 	 69.3009 	 94.031 	 98.84
19200 	 69.3004 	 69.4383 	 98.97
19400 	 69.3004 	 119.227 	 98.91
19600 	 69.024 	 70.347 	 99.12
19800 	 69.024 	 73.5571 	 99.27
20000 	 69.024 	 71.4418 	 100.29
20200 	 69.024 	 70.5851 	 101.48
20400 	 69.024 	 71.3437 	 102.2
20600 	 68.9367 	 70.6806 	 102.95
20800 	 68.9367 	 69.1008 	 104.06
21000 	 68.8265 	 70.8625 	 103.99
21200 	 68.6541 	 73.463 	 103.97
21400 	 68.6541 	 5321.76 	 104.01
21600 	 68.6541 	 71.0795 	 104.05
21800 	 68.5067 	 192.813 	 104.06
22000 	 68.1807 	 68.9049 	 104.07
22200 	 68.1807 	 69.1681 	 104.1
22400 	 68.1807 	 71.8927 	 104.3
22600 	 68.1807 	 70.9099 	 104.64
22800 	 68.1807 	 68.4895 	 105
23000 	 68.0082 	 72.4739 	 106.6
23200 	 68.0082 	 77.1948 	 107.11
23400 	 68.0082 	 78.8645 	 107.88
23600 	 68.0082 	 70.242 	 108.39
23800 	 68.0082 	 76.3672 	 109.18
24000 	 67.8386 	 72.2834 	 109.11
24200 	 67.8386 	 73.18 	 109.15
24400 	 67.8386 	 70.4204 	 109.15
24600 	 67.8386 	 70.7095 	 109.12
24800 	 67.8386 	 68.0235 	 109.15
25000 	 67.8386 	 73.2258 	 109.06
25200 	 67.7689 	 74.018 	 109.12
25400 	 67.7689 	 73.5229 	 109.12
25600 	 67.7689 	 69.0859 	 109.13
25800 	 67.7689 	 68.6407 	 109.23
26000 	 67.7456 	 71.3897 	 109.31
26200 	 67.7456 	 71.0716 	 109.28
26400 	 67.7456 	 73.5396 	 109.26
26600 	 67.6771 	 71.7424 	 109.2
26800 	 67.6771 	 71.463 	 109.34
27000 	 67.6771 	 74.5244 	 109.35
27200 	 67.6771 	 68.7338 	 109.21
27400 	 67.6771 	 71.2113 	 109.26
27600 	 67.6771 	 70.9837 	 109.22
27800 	 67.6771 	 68.4352 	 109.2
28000 	 67.6771 	 70.718 	 109.22
28200 	 67.6463 	 72.9247 	 109.21
28400 	 67.6463 	 75.2918 	 109.21
28600 	 67.6463 	 91.1427 	 109.27
28800 	 67.6463 	 68.2185 	 109.27
29000 	 67.6463 	 72.7812 	 109.24
29200 	 67.6463 	 3811.98 	 108.96
29400 	 67.6463 	 96.6206 	 108.96
29600 	 67.6463 	 69.8622 	 108.92
29800 	 67.6463 	 67.9608 	 108.91
30000 	 67.6463 	 75.3665 	 108.88
30200 	 67.6463 	 91.3938 	 108.83
30400 	 67.6463 	 70.3987 	 108.73
30600 	 67.6463 	 69.8105 	 108.59
30800 	 67.6463 	 2752.01 	 108.48
31000 	 67.6463 	 71.3653 	 108.34
31200 	 67.6463 	 74.4026 	 108.25
31400 	 67.6463 	 69.8663 	 108.16
31600 	 67.6463 	 75.2188 	 108.11
31800 	 67.6463 	 69.4861 	 108.06
32000 	 67.6463 	 68.6506 	 108
32200 	 66.439 	 78.013 	 108.06
32400 	 66.1817 	 69.1498 	 109.12
32600 	 66.1817 	 70.4845 	 111.75
32800 	 65.7602 	 66.8112 	 114.15
33000 	 65.7602 	 69.8505 	 114.33
33200 	 65.6778 	 69.6146 	 114.55
33400 	 64.7545 	 66.76 	 114.62
33600 	 64.7545 	 69.6756 	 114.41
33800 	 64.7393 	 72.1727 	 114.18
34000 	 64.681 	 810.514 	 113.98
34200 	 64.681 	 67.1672 	 114.38
34400 	 64.2486 	 66.7052 	 113.6
34600 	 64.2486 	 80.049 	 113.31
34800 	 64.2486 	 67.4476 	 112.96
35000 	 64.2486 	 65.658 	 112.77
35200 	 64.2486 	 66.2528 	 113.07
35400 	 63.9939 	 64.5754 	 113.95
35600 	 63.9257 	 228.583 	 114.43
35800 	 63.8488 	 65.3355 	 115.45
36000 	 63.7004 	 69.9511 	 116.14
36200 	 63.7004 	 66.0555 	 115.95
36400 	 63.7004 	 72.219 	 115.9
36600 	 63.7004 	 65.6992 	 116.31
36800 	 63.7004 	 66.1373 	 116.58
37000 	 63.516 	 68.2647 	 116.84
37200 	 63.516 	 68.2727 	 116.23
37400 	 63.3273 	 231.045 	 116.09
37600 	 63.3273 	 63.8119 	 116.32
37800 	 63.3273 	 67.7911 	 118.03
38000 	 63.3273 	 70.2807 	 119.32
38200 	 63.3273 	 67.2458 	 120.62
38400 	 63.3273 	 65.4479 	 121.78
38600 	 63.3273 	 68.2958 	 123.64
38800 	 63.3273 	 103.522 	 124.44
39000 	 63.2379 	 70.2981 	 124.29
39200 	 63.2379 	 65.2936 	 125.04
39400 	 63.2379 	 66.8781 	 124.95
39600 	 63.2379 	 64.574 	 124.91
39800 	 63.2379 	 106.123 	 124.87
40000 	 63.2379 	 84.8292 	 125.05
40200 	 63.2379 	 65.1358 	 124.96
40400 	 63.2379 	 64.09 	 125.17
40600 	 63.2379 	 72.8916 	 125.18
40800 	 63.2379 	 65.2909 	 125.19
^C
jenny@jenny-G50VT ~/docu/572/b $ 
